{
    "20250314 - 113": {
        "content": [
            {
                "0": [
                    [
                        [
                            [
                                [
                                    [
                                        "biomarker_metadata.tsv:md5,e016110576bbffd0fadc19a28ea76f5b",
                                        "drug_metadata.tsv:md5,0e3180da576d864cd6db3512abc52709",
                                        "gene_metadata.tsv:md5,90565eaa8258e4f00f5abf0cdc99a6ca",
                                        "gwas_metadata.tsv:md5,e38e17bb1d96ccda146f87e4fac004a3",
                                        "hotspot_metadata.tsv:md5,993b4899257d1fac45a372f1b5046938",
                                        "other_metadata.tsv:md5,d2f6294b219cebe9a0498e1de1a586fb",
                                        "phenotype_metadata.tsv:md5,2fb5e5d9f534b353afd3206455c8b803"
                                    ]
                                ],
                                ".PCGR_BUNDLE_VERSION:md5,8be4bc2e52b81c51d90b8817a6786bbf",
                                [
                                    [
                                        "cgi.clinical.tsv.gz:md5,ba6dd0b16aa61e9b99060c92a65b6b22",
                                        "cgi.literature.tsv.gz:md5,8cc97544662e4e98eaa19652708aacdb",
                                        "cgi.variant.tsv.gz:md5,822a1124e1aff89b0c43a813397c2a42",
                                        "civic.clinical.tsv.gz:md5,b78f0a9084adcfbcd1c0d68017de21b9",
                                        "civic.literature.tsv.gz:md5,6627f65d3755dcc6d2b1a399fc9d8b73",
                                        "civic.variant.tsv.gz:md5,b950b79efb9b2dedbea4fb1f14719257"
                                    ]
                                ],
                                "chromsize.grch38.tsv:md5,042441fcbd45f706c2791b978d957d3e",
                                "data_overview.grch38.html:md5,517642d1947f61ee6f748bea1b1ae1df",
                                [
                                    [
                                        "drug_all.tsv.gz:md5,f07095b35d772c37270de968690e7db9",
                                        "drug_targeted.tsv.gz:md5,e7e4db8c07bbeab0da3d66263bfff869"
                                    ]
                                ],
                                [
                                    [
                                        [
                                            "depmap_sample_metadata.tsv.gz:md5,54c0804e3546a5dfe98b4ea5e7013e1c",
                                            "depmap_tpm.tsv.gz:md5,59fdac6debedc8cbb2e0b4bb1ea72d2b"
                                        ],
                                        [
                                            "tcga_acc_sample_metadata.tsv.gz:md5,8bd22d73a0001ea85d223061a0d35ca4",
                                            "tcga_acc_tpm.tsv.gz:md5,0d02426f834254fd939b441e1ab08641",
                                            "tcga_blca_sample_metadata.tsv.gz:md5,e7b0bb39463b20af9d7a04eb84d25740",
                                            "tcga_blca_tpm.tsv.gz:md5,5aee07be1fa798f631d8a048adced04f",
                                            "tcga_brca_sample_metadata.tsv.gz:md5,29fb12ca8b4009dd6ab5d54b9ebb10fd",
                                            "tcga_brca_tpm.tsv.gz:md5,ce08d23c1962b880031995014f7159ee",
                                            "tcga_cesc_sample_metadata.tsv.gz:md5,d741b3c4849d81f85db520db9f2e88e9",
                                            "tcga_cesc_tpm.tsv.gz:md5,1c42339ba4cd2175dbe44be90e4cec23",
                                            "tcga_chol_sample_metadata.tsv.gz:md5,01a90a108047b579906f8d8f3ffa1e0a",
                                            "tcga_chol_tpm.tsv.gz:md5,cfe02fc4f21b0814d894a93c99a4cbde",
                                            "tcga_coad_sample_metadata.tsv.gz:md5,739012a7182984ec0b6b69963b0eef16",
                                            "tcga_coad_tpm.tsv.gz:md5,5c3c4da8e1ef16714f3f023fbbfbf4eb",
                                            "tcga_dlbc_sample_metadata.tsv.gz:md5,07ada1ae705b86ad8feb5fa8f0877cb1",
                                            "tcga_dlbc_tpm.tsv.gz:md5,9da7b66f24a980d8e13e7ea3ce110aa9",
                                            "tcga_esca_sample_metadata.tsv.gz:md5,1daf9f5ab5665955d6a4c2f5777fcf22",
                                            "tcga_esca_tpm.tsv.gz:md5,c7e0c827223f2c36c4a030a870e0d4f8",
                                            "tcga_gbm_sample_metadata.tsv.gz:md5,5b095c32244a50b9a7177019e9013962",
                                            "tcga_gbm_tpm.tsv.gz:md5,8daa413872d02b81e193351fd2fdc410",
                                            "tcga_hnsc_sample_metadata.tsv.gz:md5,e033740086c1d38899f07679d8defe9e",
                                            "tcga_hnsc_tpm.tsv.gz:md5,fba1e932ac96cd5c3d7517e67e1d019c",
                                            "tcga_kich_sample_metadata.tsv.gz:md5,e7b2b604dbcec696440b7b860b669537",
                                            "tcga_kich_tpm.tsv.gz:md5,d756237c55998a3d74a7268569ef8276",
                                            "tcga_kirc_sample_metadata.tsv.gz:md5,598f1ac1a8f2d1bc48bae45e5f58a63a",
                                            "tcga_kirc_tpm.tsv.gz:md5,c0034e0e24cf3745ab088fb758f9b447",
                                            "tcga_kirp_sample_metadata.tsv.gz:md5,3f8b8301377d4c497a966f46eb45ed6e",
                                            "tcga_kirp_tpm.tsv.gz:md5,85691cb6c85ab43d55cf9ecd71488510",
                                            "tcga_laml_sample_metadata.tsv.gz:md5,022d7af3b73843c1c124ba5436221bb5",
                                            "tcga_laml_tpm.tsv.gz:md5,c76d7cf437b838f4d5e10868bf55cbd3",
                                            "tcga_lgg_sample_metadata.tsv.gz:md5,d7cf74eac095af2e83d894cc7fde3c42",
                                            "tcga_lgg_tpm.tsv.gz:md5,2b55443bd084a86b1e77eccd65cf11a8",
                                            "tcga_lihc_sample_metadata.tsv.gz:md5,a6ce754d3bca8c138c962cb51d67efc2",
                                            "tcga_lihc_tpm.tsv.gz:md5,bd80f6526cbd1c47f68ee5ef79ede92e",
                                            "tcga_luad_sample_metadata.tsv.gz:md5,e8333dbda5c26e8b043412bf01b38238",
                                            "tcga_luad_tpm.tsv.gz:md5,d35cc920b1e92e11c90d5c2907284ba4",
                                            "tcga_lusc_sample_metadata.tsv.gz:md5,0762a7df6702154ef0f7786871eb3693",
                                            "tcga_lusc_tpm.tsv.gz:md5,12a2b2789c968059c9e5a794cbd464c1",
                                            "tcga_meso_sample_metadata.tsv.gz:md5,2aec74a4bc2e76e88b96c6e5128ead0f",
                                            "tcga_meso_tpm.tsv.gz:md5,a73e2ad026633d2698c71d342cb4bf8b",
                                            "tcga_ov_sample_metadata.tsv.gz:md5,41c48222daaf3030a541967e9fef409e",
                                            "tcga_ov_tpm.tsv.gz:md5,155d7aa5b4f510a115416d3800bf369e",
                                            "tcga_paad_sample_metadata.tsv.gz:md5,c42bef1b00b9d6bbde399d32e9a4a18d",
                                            "tcga_paad_tpm.tsv.gz:md5,715087ba5efc6fe530f73fc83ac63dab",
                                            "tcga_pcpg_sample_metadata.tsv.gz:md5,a67ab75243f258684b0aeda5c35ef518",
                                            "tcga_pcpg_tpm.tsv.gz:md5,08d0b820e10e78546eff37e04c04cb96",
                                            "tcga_prad_sample_metadata.tsv.gz:md5,589c9a9ee79655c8869f8571d8386eb8",
                                            "tcga_prad_tpm.tsv.gz:md5,ca449e77f374e8f1374f3b1da9f5b2e8",
                                            "tcga_read_sample_metadata.tsv.gz:md5,83a5fa84884b555da46af2b238e6ffd7",
                                            "tcga_read_tpm.tsv.gz:md5,24e28e0bf1b9054c546fc8ac1fb877dc",
                                            "tcga_sarc_sample_metadata.tsv.gz:md5,3a916e87f2ba5d0322a852c9bd82e056",
                                            "tcga_sarc_tpm.tsv.gz:md5,7d979ba2fbda89a6df95cfda02719e7b",
                                            "tcga_skcm_sample_metadata.tsv.gz:md5,cc4402003d913b0e9212fff3caac8caa",
                                            "tcga_skcm_tpm.tsv.gz:md5,0aa718dfc8eaf574279c0b87ef0da2e0",
                                            "tcga_stad_sample_metadata.tsv.gz:md5,b70de22681b19573cb6aa642016da3e3",
                                            "tcga_stad_tpm.tsv.gz:md5,ff6604e14236ab95041ac449306a84ab",
                                            "tcga_tgct_sample_metadata.tsv.gz:md5,2fc110d953fc638f6c7e9a03bf81dbaf",
                                            "tcga_tgct_tpm.tsv.gz:md5,a2f6750ee535afa03b40192a0c2d08de",
                                            "tcga_thca_sample_metadata.tsv.gz:md5,584d15fc734b766ff50ab53eacf7a556",
                                            "tcga_thca_tpm.tsv.gz:md5,2ef89b1d28b5b020f74ec11db4b974b0",
                                            "tcga_thym_sample_metadata.tsv.gz:md5,d8b46f6300d7c6c16df68c9f0f387fd4",
                                            "tcga_thym_tpm.tsv.gz:md5,52fa607c2c94ab1a3703cb630efb3e8d",
                                            "tcga_ucec_sample_metadata.tsv.gz:md5,64c1184eb1db969c0f4eb88c1a1f5d63",
                                            "tcga_ucec_tpm.tsv.gz:md5,f127e508b39d48ad98fc37568feeab3c",
                                            "tcga_ucs_sample_metadata.tsv.gz:md5,7339e71a7113e874124c14ce9723eb14",
                                            "tcga_ucs_tpm.tsv.gz:md5,f83052eecb7b14a6c751c4902f584090",
                                            "tcga_uvm_sample_metadata.tsv.gz:md5,836f21ed8bec6f04fae9d83cc3df14c6",
                                            "tcga_uvm_tpm.tsv.gz:md5,1ec4e8da1168730bd6eac778bffab8b6"
                                        ],
                                        [
                                            "treehouse_sample_metadata.tsv.gz:md5,3a3d259e1472194503c6f7d9248b0cee",
                                            "treehouse_tpm.tsv.gz:md5,3d869822bb63804efbf025078ef8bcee"
                                        ]
                                    ]
                                ],
                                [
                                    [
                                        "depmap.fusions.tsv.gz:md5,1273bc41a71af89c76dccf51429f36b2",
                                        "depmap.models.tsv.gz:md5,a889a57d95631a1dca8b90242d160bd9",
                                        "mitelmandb.clinical.tsv.gz:md5,531d238742445cf8cabec83591428c27",
                                        "mitelmandb.literature.tsv.gz:md5,82058b0c8a2192c928de259e5be2fec8",
                                        "mitelmandb.variant.tsv.gz:md5,e77fd29b8e1e87b714372dc76401dc8f"
                                    ]
                                ],
                                [
                                    [
                                        [
                                            "gene_transcript_xref.bed.gz:md5,42e8742d6896c58e5854788eb8ca07e7",
                                            "gene_transcript_xref.bed.gz.tbi:md5,c95124d15c30be7f3fc605b25c4079e3",
                                            "gene_transcript_xref.vcfanno.vcf_info_tags.txt:md5,e50485a720100177657582e327d5c867",
                                            "gene_transcript_xref_pc_nopad.bed.gz:md5,a52d00ed20bd4130e2753eeddfd6e9cd",
                                            "gene_transcript_xref_pc_nopad.bed.gz.tbi:md5,34114f1660c04e23ffffec2969d33846"
                                        ],
                                        [
                                            "0.bed.gz:md5,aa2df770964ed4c6abfc21f50d16b3a7",
                                            "0.bed.gz.tbi:md5,6652a61e7445933bcd6ba82c1b37f978",
                                            "1.GREEN.bed.gz:md5,8328f3a57e84627307b0ed95b079a487",
                                            "1.GREEN.bed.gz.tbi:md5,89f58719136f128c61c2a11ba8b2d4e1",
                                            "1.bed.gz:md5,bf48a7af4af609dc86ba00cce860cc44",
                                            "1.bed.gz.tbi:md5,edf9562ace3dd98615e7548dbc234657",
                                            "10.GREEN.bed.gz:md5,4c4ba52f58d5b71848b1b41e4db10b85",
                                            "10.GREEN.bed.gz.tbi:md5,92ee3bfdf1cd5af0695143c11c17f76e",
                                            "10.bed.gz:md5,d29901c9f32f5e1aa0640c28c92bb4ae",
                                            "10.bed.gz.tbi:md5,854f3e9d17f0f34932c9a382bcceae05",
                                            "11.GREEN.bed.gz:md5,bf47664f59d689e0140906edb47267e5",
                                            "11.GREEN.bed.gz.tbi:md5,d3a7a33c40322a377cfeb3888a72d4f3",
                                            "11.bed.gz:md5,c01cb560871ae28a50f19b1b9e3f9b6b",
                                            "11.bed.gz.tbi:md5,7bb4e5868307591d0f91fb5f2c1cf5dd",
                                            "12.GREEN.bed.gz:md5,933dea26a5e22f50cec5476925fb9a51",
                                            "12.GREEN.bed.gz.tbi:md5,8735c32a8a82ba15d812ed449315ed70",
                                            "12.bed.gz:md5,b985b6066c0639ac18541967bd34e5ae",
                                            "12.bed.gz.tbi:md5,362ef12c3e96b841cc54db46a74b6930",
                                            "13.GREEN.bed.gz:md5,ca9cb3fe0d0886aae923d14e3d370550",
                                            "13.GREEN.bed.gz.tbi:md5,61bcf5c8dc1e8b6693c3339ea564ae98",
                                            "13.bed.gz:md5,544233926eedaeb849798d8e6edc6a5f",
                                            "13.bed.gz.tbi:md5,2daef2459dbdb7473e257001d3570a82",
                                            "14.GREEN.bed.gz:md5,d12e44e1aaee85d8cabc1e099a005561",
                                            "14.GREEN.bed.gz.tbi:md5,213fa17f6402e9fe9313b8114b162879",
                                            "14.bed.gz:md5,bce76fc680a61bf4aca3c85af132677a",
                                            "14.bed.gz.tbi:md5,f147b7550ec357fcd62853cc755ec00c",
                                            "15.GREEN.bed.gz:md5,8b055c08e4841906afa9fbad27406edb",
                                            "15.GREEN.bed.gz.tbi:md5,42334ef8ee174e3adc8bdbb8decd1597",
                                            "15.bed.gz:md5,f02669145fc4c7400cc58ac8d2a3cbc4",
                                            "15.bed.gz.tbi:md5,eac1cb0016509a9145be64ddfee96930",
                                            "16.GREEN.bed.gz:md5,f97a8f951ff537fb96b757d13b2f896d",
                                            "16.GREEN.bed.gz.tbi:md5,25942140b727137140064420d2a824f7",
                                            "16.bed.gz:md5,4282c44f30c85d59f3107da8b0cd5a3f",
                                            "16.bed.gz.tbi:md5,01b323d10bdc3f4222198fb8e5b8ba34",
                                            "17.GREEN.bed.gz:md5,fb2c7266581d38b29f9a8fb6b41c61de",
                                            "17.GREEN.bed.gz.tbi:md5,2ba466f5fb38a57520385f59f9dd0efa",
                                            "17.bed.gz:md5,d928cdcd2322eaf01f22503c9132257b",
                                            "17.bed.gz.tbi:md5,8c1efb782856f29fa9758108ea491fec",
                                            "18.GREEN.bed.gz:md5,6899f0e4a0228de31d02fa2dcf8b871d",
                                            "18.GREEN.bed.gz.tbi:md5,55f2a15903bbe5011427db045f033524",
                                            "18.bed.gz:md5,bb5738ebc246ada26bf90c04ace3381f",
                                            "18.bed.gz.tbi:md5,9676bc61897f517af4db4d1d45131538",
                                            "19.GREEN.bed.gz:md5,b432b0335b6af385a8b84df60a13db05",
                                            "19.GREEN.bed.gz.tbi:md5,d5090b0afc6ecb2a455291daea1346bb",
                                            "19.bed.gz:md5,b432b0335b6af385a8b84df60a13db05",
                                            "19.bed.gz.tbi:md5,d5090b0afc6ecb2a455291daea1346bb",
                                            "2.GREEN.bed.gz:md5,2b55b0733070b2282504ce4cc4024920",
                                            "2.GREEN.bed.gz.tbi:md5,f36d3eb97fb4ea5b42d41d76f9ec2815",
                                            "2.bed.gz:md5,08789af26fbd4af478a6c8282cad9ea1",
                                            "2.bed.gz.tbi:md5,2a0dde4b59312336046247090e1e6b48",
                                            "20.GREEN.bed.gz:md5,48e9d716d4bd01a438ddc9e7c5b24c40",
                                            "20.GREEN.bed.gz.tbi:md5,0717ea6d12633e6fde2dc0c063ec05cc",
                                            "20.bed.gz:md5,86b552e9a5d3c762b4da073e5f967902",
                                            "20.bed.gz.tbi:md5,5b453a345380c02c58143fddbdfdcb28",
                                            "21.GREEN.bed.gz:md5,a062e7a18dfb36c44b1e805e569e125c",
                                            "21.GREEN.bed.gz.tbi:md5,d9b36a5dc9a102f1b4a64f472f90483f",
                                            "21.bed.gz:md5,f1f651b2486277883fa8c3018c7bc63a",
                                            "21.bed.gz.tbi:md5,923f7b6179ce35ae20c6d187856f100e",
                                            "22.GREEN.bed.gz:md5,7b9b30c9630aaf85b84caeb6019880ad",
                                            "22.GREEN.bed.gz.tbi:md5,d569b945f6729a5b07acc03b236a43b7",
                                            "22.bed.gz:md5,fe873149012940c7b3088bfd75336e1b",
                                            "22.bed.gz.tbi:md5,937fcf84f910b95985b073f675f1b52e",
                                            "23.GREEN.bed.gz:md5,87e6e1c02b16b34685602e86016ddeab",
                                            "23.GREEN.bed.gz.tbi:md5,c4926ece2b9727a7522d33d115324b8d",
                                            "23.bed.gz:md5,0b43d8ae2fe3dd1f8a05b3f37348a681",
                                            "23.bed.gz.tbi:md5,b7f033bff56fc93a29a110b837490214",
                                            "24.GREEN.bed.gz:md5,7eaeb7543224fbef22f01983f89b7f8d",
                                            "24.GREEN.bed.gz.tbi:md5,8ff13baf5eac38e00488059cd743ce04",
                                            "24.bed.gz:md5,dbfe469d2d8fc29132d09d5086c3fec4",
                                            "24.bed.gz.tbi:md5,4c2da76134026d3a082ce915a0fa9ba3",
                                            "25.GREEN.bed.gz:md5,3501e035182fb8f6fb71c83c9e02a828",
                                            "25.GREEN.bed.gz.tbi:md5,e343a586759d38cd226c1b190460bbbb",
                                            "25.bed.gz:md5,3501e035182fb8f6fb71c83c9e02a828",
                                            "25.bed.gz.tbi:md5,e343a586759d38cd226c1b190460bbbb",
                                            "26.GREEN.bed.gz:md5,1222ac0690983e150725a4b069269922",
                                            "26.GREEN.bed.gz.tbi:md5,127f532882153328ebe282c3c8f3cd12",
                                            "26.bed.gz:md5,54167cf78cd17822c60d9b31a82830fa",
                                            "26.bed.gz.tbi:md5,ff6c1d1a6ae13276def8394f67845ee5",
                                            "27.GREEN.bed.gz:md5,6a958ceb76224cb08cc08f4d8e437f4e",
                                            "27.GREEN.bed.gz.tbi:md5,946128cb6debdc88280ffd6395713f16",
                                            "27.bed.gz:md5,d725f43b4d0bdfe699e9a0d0e5965219",
                                            "27.bed.gz.tbi:md5,bec67ff2bbac177ac0d18cdb03c12c11",
                                            "28.GREEN.bed.gz:md5,5390282fc06faf41057390428879296f",
                                            "28.GREEN.bed.gz.tbi:md5,bf76697df22abef1f2508ceb130c4b65",
                                            "28.bed.gz:md5,0826fc28830db7e3907b4c9ebd300bcd",
                                            "28.bed.gz.tbi:md5,940d316aa78c63afea4b1e355c5700bb",
                                            "29.GREEN.bed.gz:md5,769d37d53c7a501197fe93664bd3c411",
                                            "29.GREEN.bed.gz.tbi:md5,f70d8b5eac10035631955aa099130edb",
                                            "29.bed.gz:md5,769d37d53c7a501197fe93664bd3c411",
                                            "29.bed.gz.tbi:md5,f70d8b5eac10035631955aa099130edb",
                                            "3.GREEN.bed.gz:md5,933dea26a5e22f50cec5476925fb9a51",
                                            "3.GREEN.bed.gz.tbi:md5,8735c32a8a82ba15d812ed449315ed70",
                                            "3.bed.gz:md5,933dea26a5e22f50cec5476925fb9a51",
                                            "3.bed.gz.tbi:md5,8735c32a8a82ba15d812ed449315ed70",
                                            "30.GREEN.bed.gz:md5,92ac4a5d9bee6666aeccf858eec719c3",
                                            "30.GREEN.bed.gz.tbi:md5,26e658ef12b3186245c7b37321cceac6",
                                            "30.bed.gz:md5,aa5b0f384968444f63b75dd65a52fd49",
                                            "30.bed.gz.tbi:md5,c0d64fdf1f9a4f16a286cee1f2296850",
                                            "31.GREEN.bed.gz:md5,66f69ce455507c3342502975d82bd953",
                                            "31.GREEN.bed.gz.tbi:md5,4d6c0af579507c0577e790abb2ecafe1",
                                            "31.bed.gz:md5,b21fe9d6d95b3e7ba7b369b0af532336",
                                            "31.bed.gz.tbi:md5,2278c145b568053014bef7e258072e71",
                                            "32.GREEN.bed.gz:md5,5db2170dea9a782740329a2429215507",
                                            "32.GREEN.bed.gz.tbi:md5,2b92f2669de062221b7065d5bf16961a",
                                            "32.bed.gz:md5,5db2170dea9a782740329a2429215507",
                                            "32.bed.gz.tbi:md5,2b92f2669de062221b7065d5bf16961a",
                                            "33.GREEN.bed.gz:md5,e735336a73189fadf143805d6dfe8b02",
                                            "33.GREEN.bed.gz.tbi:md5,b10bf9042ed481885aede495f1b4ebd4",
                                            "33.bed.gz:md5,788593a71cd19542ca0ec3693ca3f0be",
                                            "33.bed.gz.tbi:md5,46b4dd4dfe9f39f1b38b60b8f373245b",
                                            "34.GREEN.bed.gz:md5,a062e7a18dfb36c44b1e805e569e125c",
                                            "34.GREEN.bed.gz.tbi:md5,d9b36a5dc9a102f1b4a64f472f90483f",
                                            "34.bed.gz:md5,a062e7a18dfb36c44b1e805e569e125c",
                                            "34.bed.gz.tbi:md5,d9b36a5dc9a102f1b4a64f472f90483f",
                                            "35.GREEN.bed.gz:md5,a33d804c056975e5d0fbd50f4712d4cc",
                                            "35.GREEN.bed.gz.tbi:md5,594150a3711c9859a76a04bc902e0410",
                                            "35.bed.gz:md5,dc030679a2387f5236c5e49a68fd4a4c",
                                            "35.bed.gz.tbi:md5,424ce90516d2c3eee3ee5d095ec65b43",
                                            "36.GREEN.bed.gz:md5,933dea26a5e22f50cec5476925fb9a51",
                                            "36.GREEN.bed.gz.tbi:md5,8735c32a8a82ba15d812ed449315ed70",
                                            "36.bed.gz:md5,933dea26a5e22f50cec5476925fb9a51",
                                            "36.bed.gz.tbi:md5,8735c32a8a82ba15d812ed449315ed70",
                                            "37.GREEN.bed.gz:md5,8d6f72611042f21abde8bb4a7188f3df",
                                            "37.GREEN.bed.gz.tbi:md5,71e74e676082a6208807e58cc1537572",
                                            "37.bed.gz:md5,8d6f72611042f21abde8bb4a7188f3df",
                                            "37.bed.gz.tbi:md5,71e74e676082a6208807e58cc1537572",
                                            "38.GREEN.bed.gz:md5,013f2154bcc3a1c5398933c18a7baca8",
                                            "38.GREEN.bed.gz.tbi:md5,c0389aa366df0eab270b5a05a3ee2010",
                                            "38.bed.gz:md5,013f2154bcc3a1c5398933c18a7baca8",
                                            "38.bed.gz.tbi:md5,c0389aa366df0eab270b5a05a3ee2010",
                                            "39.GREEN.bed.gz:md5,52471e74828dfdcb6695c3f31a3342e6",
                                            "39.GREEN.bed.gz.tbi:md5,d04adefd9656e41cff411dbd056a712f",
                                            "39.bed.gz:md5,df3c831e9d727f4eba72c97231d085a1",
                                            "39.bed.gz.tbi:md5,61f05a98c7a77d6b5840e066ba27106c",
                                            "4.GREEN.bed.gz:md5,79350d6008a683f6162f407a65cd8509",
                                            "4.GREEN.bed.gz.tbi:md5,1717af686a0b2b64366db54af39439a8",
                                            "4.bed.gz:md5,79350d6008a683f6162f407a65cd8509",
                                            "4.bed.gz.tbi:md5,1717af686a0b2b64366db54af39439a8",
                                            "40.GREEN.bed.gz:md5,e6fb254c70e599c76bd3b0da3b57b25a",
                                            "40.GREEN.bed.gz.tbi:md5,970a985e31300024f5d6ea065f529588",
                                            "40.bed.gz:md5,8c96d6d25a089b9d81bac06f7550f6f9",
                                            "40.bed.gz.tbi:md5,8cd446b4ba9eaf845a5b3fbf0e43ab3c",
                                            "41.GREEN.bed.gz:md5,a34b069e042bc5e8cc036f52964e27de",
                                            "41.GREEN.bed.gz.tbi:md5,e545e0f697b2510ffa35dee345f5cfa9",
                                            "41.bed.gz:md5,a34b069e042bc5e8cc036f52964e27de",
                                            "41.bed.gz.tbi:md5,e545e0f697b2510ffa35dee345f5cfa9",
                                            "42.GREEN.bed.gz:md5,358fc8d7569ef0834ce1f1f78965e7fc",
                                            "42.GREEN.bed.gz.tbi:md5,cab0bdf1ffb7bfb4c28d455b20cdce57",
                                            "42.bed.gz:md5,d48b258e16c20ac971fbf7db115c8dea",
                                            "42.bed.gz.tbi:md5,225f2a6f700d49cfef49202c3b970b3e",
                                            "43.GREEN.bed.gz:md5,933dea26a5e22f50cec5476925fb9a51",
                                            "43.GREEN.bed.gz.tbi:md5,8735c32a8a82ba15d812ed449315ed70",
                                            "43.bed.gz:md5,933dea26a5e22f50cec5476925fb9a51",
                                            "43.bed.gz.tbi:md5,8735c32a8a82ba15d812ed449315ed70",
                                            "44.GREEN.bed.gz:md5,933dea26a5e22f50cec5476925fb9a51",
                                            "44.GREEN.bed.gz.tbi:md5,8735c32a8a82ba15d812ed449315ed70",
                                            "44.bed.gz:md5,d0d6c99ce407d9446e4ccd99d7e5efdc",
                                            "44.bed.gz.tbi:md5,3923c7a3eb2e93b66c08025570f1d964",
                                            "5.GREEN.bed.gz:md5,933dea26a5e22f50cec5476925fb9a51",
                                            "5.GREEN.bed.gz.tbi:md5,8735c32a8a82ba15d812ed449315ed70",
                                            "5.bed.gz:md5,c3da4820d744013c30b6af1ce08c11f9",
                                            "5.bed.gz.tbi:md5,74d4b4e1c7a7b3e4b70d450968e60537",
                                            "6.GREEN.bed.gz:md5,bc6886e9aeb7304512ada9c653356201",
                                            "6.GREEN.bed.gz.tbi:md5,a21d7e7b00a1b30dbca8fdb0f2599d25",
                                            "6.bed.gz:md5,3a02a4918a727a233c755132f557ef4b",
                                            "6.bed.gz.tbi:md5,58f347ef53f9d83a4e896954d34a6d8d",
                                            "7.GREEN.bed.gz:md5,c4b68b710ba5896c6cfeda4ba084701e",
                                            "7.GREEN.bed.gz.tbi:md5,67ffca54cc604fbd9574778fb544536a",
                                            "7.bed.gz:md5,c4b68b710ba5896c6cfeda4ba084701e",
                                            "7.bed.gz.tbi:md5,67ffca54cc604fbd9574778fb544536a",
                                            "8.GREEN.bed.gz:md5,2f926e2d14bd1d7cd64cc5f5143a0291",
                                            "8.GREEN.bed.gz.tbi:md5,50498a8a7d1a310331f010d9b73c0ff2",
                                            "8.bed.gz:md5,2f926e2d14bd1d7cd64cc5f5143a0291",
                                            "8.bed.gz.tbi:md5,50498a8a7d1a310331f010d9b73c0ff2",
                                            "9.GREEN.bed.gz:md5,db567f2d68986c843f0a3732ea928a22",
                                            "9.GREEN.bed.gz.tbi:md5,c98292ccfaafca624143200f069f52e3",
                                            "9.bed.gz:md5,d9c9080fd052b0e2a23a88594509b7dd",
                                            "9.bed.gz.tbi:md5,0fa0bc4eca74c75c3437ad2c17b31287",
                                            "cancer_target.bed.gz:md5,e783447445e74af8a591295272d78d64",
                                            "cancer_target.bed.gz.tbi:md5,016fa7f7a945a46105e42169398383c8"
                                        ]
                                    ],
                                    [
                                        [
                                            "gene_cpg.tsv.gz:md5,921d4ef57e8b9eedd82154f556463aaf"
                                        ],
                                        [
                                            "gene_index.tsv.gz:md5,21ebf977533985b51baac91f7c4f6bb7",
                                            "gene_transcript_xref.tsv.gz:md5,fd44ff02d813d60725e65e890f723b50",
                                            "gene_transcript_xref_bedmap.tsv.gz:md5,7878b4d0430d2a0d6e6e4f3f81c5ef59",
                                            "otp_rank.tsv.gz:md5,29becff0fa2c0c197ff6cdc432c12ef6"
                                        ],
                                        [
                                            "gene_virtual_panel.tsv.gz:md5,fe72b9feeeaae214debf3bbc7a6f8d56"
                                        ]
                                    ]
                                ],
                                [
                                    [
                                        [
                                            "cytoband.bed.gz:md5,0d27c23357bdbf59f1e4978d0fd854e3",
                                            "cytoband.bed.gz.tbi:md5,c1d4565d6ab4ff4e23412f6a03a04aab"
                                        ],
                                        [
                                            "gerp.bed.gz:md5,b6e270482464f8a4f09f8599ad36aea8",
                                            "gerp.bed.gz.tbi:md5,d50e537ffb036f349669f9dd9270b03b",
                                            "gerp.vcfanno.vcf_info_tags.txt:md5,2a2f5b3be25120274cd5df9f299af11f"
                                        ],
                                        [
                                            
                                        ],
                                        [
                                            "rmsk.bed.gz:md5,5223b31d882a74da9b34b81b96653c8d",
                                            "rmsk.bed.gz.tbi:md5,a57325e02165030a319af664db3b3990",
                                            "rmsk.vcfanno.vcf_info_tags.txt:md5,b92ed2124a575b3c8915ad8c260b6192"
                                        ],
                                        [
                                            "simplerepeat.bed.gz:md5,ae8789f985c9d72af280abe470f493de",
                                            "simplerepeat.bed.gz.tbi:md5,6d82a9a413aed988cab5225c07a10a44",
                                            "simplerepeat.vcfanno.vcf_info_tags.txt:md5,7d79654ab1027eeac81700e759f0d5f4"
                                        ],
                                        [
                                            "winmsk.bed.gz:md5,aec0a46ef0bfccfec683ccd4ea65a6d9",
                                            "winmsk.bed.gz.tbi:md5,796363b846290767fe48afa46ff1dfe0",
                                            "winmsk.vcfanno.vcf_info_tags.txt:md5,2d1a3a5ca0c7b0c4b3491b2e723fd189"
                                        ]
                                    ],
                                    [
                                        [
                                            
                                        ],
                                        [
                                            "Homo_sapiens.GRCh38.dna.primary_assembly.fa.gz:md5,a65212262de00761b43869d5c08c8e4d",
                                            "Homo_sapiens.GRCh38.dna.primary_assembly.fa.gz.fai:md5,06640e0e262c0a1494700e32f48685e1",
                                            "Homo_sapiens.GRCh38.dna.primary_assembly.fa.gz.gzi:md5,0b1d02ddb1cf7740d2572809b951b1af"
                                        ]
                                    ],
                                    [
                                        [
                                            "tcga_msi_classifier.html:md5,b81386bd9dd0e61244d266160eeb59ab",
                                            "tcga_msi_classifier.rds:md5,be04323d63258d16e25aefaa1a06c5bc"
                                        ]
                                    ],
                                    [
                                        [
                                            
                                        ],
                                        [
                                            "cytoband.tsv.gz:md5,427311d6aba6b4f4a9d05e8f6a82bef1"
                                        ],
                                        [
                                            "grantham.tsv:md5,3cb246982ce91243a34447523820ef6a"
                                        ],
                                        [
                                            "hotspot.tsv.gz:md5,5394d3dd0f3648b7c7711cacaf14dc50",
                                            "hotspot_long.tsv.gz:md5,c3bfbbf5480107680403d1eebd32ec3e"
                                        ],
                                        [
                                            "mutational_signature.tsv.gz:md5,d6e62c0716e9f8f8975e8eade6775262"
                                        ],
                                        [
                                            "mutsplicedb.tsv:md5,85473986d8eaed75fdfa76562ca12187"
                                        ],
                                        [
                                            "oncogenicity.tsv:md5,a26e3d7520358df4fa37cdbefacd0160"
                                        ],
                                        [
                                            "pathway.tsv.gz:md5,cbd421098d9746889d10b6a07207b329"
                                        ],
                                        [
                                            "protein_domain.tsv.gz:md5,ab9fe40213a9a0f7f22cf52ea593b6cb"
                                        ],
                                        [
                                            "tmb.tsv.gz:md5,a2e44af4cd6f0352156e5c8b22a45b89"
                                        ]
                                    ]
                                ],
                                [
                                    [
                                        "phenotype_onco.tsv.gz:md5,2505646d8c6204b0eabc291a77fc0e43",
                                        "phenotype_umls.tsv.gz:md5,41215237333649546eb03ede0b7f02b8"
                                    ]
                                ],
                                [
                                    ".DS_Store:md5,365f33ebf1b3bdb55e2841d3b5381c90",
                                    [
                                        [
                                            "clinvar.tsv.gz:md5,aefe3ba7209c5bdb144dbc6de4653b53",
                                            "clinvar_gene_varstats.tsv.gz:md5,df9518a35a03712e3bc2bd5baf5886d2",
                                            "clinvar_oncogenic.tsv.gz:md5,1fde1f6012c4e1826965cb7d0d2025a1",
                                            "clinvar_sites.tsv.gz:md5,b83e68ef768aa6af0d0ae3524570aa90"
                                        ],
                                        [
                                            "gwas.tsv.gz:md5,3bea9c01ce65a924594bcae874211994"
                                        ]
                                    ],
                                    [
                                        ".DS_Store:md5,ee123201706829d1c8e3e4751e653bd1",
                                        [
                                            "clinvar.vcf.gz:md5,e973f269288c5defb1d57ae1f40a8185",
                                            "clinvar.vcf.gz.tbi:md5,8b70ded2a07eaaaee91b8901e59f68a8",
                                            "clinvar.vcf_varstats.tsv:md5,24df6b592a22b7a2694499380abe36da",
                                            "clinvar.vcfanno.vcf_info_tags.txt:md5,24a8b4278d7429f51d84bc5f07f9e31e"
                                        ],
                                        [
                                            "dbmts.vcf.gz:md5,82fd1a6b7e50e8f2207c209a48c5eaed",
                                            "dbmts.vcf.gz.tbi:md5,5ce7a6c94f290713d7636fbf1ac18494",
                                            "dbmts.vcf_varstats.tsv:md5,f50e1b7038f4da6486a901821a29946e",
                                            "dbmts.vcfanno.vcf_info_tags.txt:md5,ff304e244a1a21854f7b51e81bf6a291"
                                        ],
                                        [
                                            "dbnsfp.vcf.gz:md5,e1a8de2665d94544ef2aee38ac37f2a2",
                                            "dbnsfp.vcf.gz.tbi:md5,8056b40c39f587ccfe4f7a67a1dc1a4d",
                                            "dbnsfp.vcf_varstats.tsv:md5,7e857439fd243edaa7a4bcf791ed599f",
                                            "dbnsfp.vcfanno.vcf_info_tags.txt:md5,3f9423ad9302f5ed3b722efaa10b6d02"
                                        ],
                                        [
                                            "gnomad_non_cancer.vcf.gz:md5,97258b88a515749a0d37e6128e4bd8e9",
                                            "gnomad_non_cancer.vcf.gz.tbi:md5,e464b7ce63c7bd3b0b4d193214b0c295",
                                            "gnomad_non_cancer.vcf_varstats.tsv:md5,2f37257d273efbbcaed59da0eccd6326",
                                            "gnomad_non_cancer.vcfanno.vcf_info_tags.txt:md5,aa07db83720a31abfead2d362b062518"
                                        ],
                                        [
                                            "gwas.vcf.gz:md5,b3c1f12af7e3766c4bca82a38d0c50be",
                                            "gwas.vcf.gz.tbi:md5,b197423d0b019e601e740416a50363e9",
                                            "gwas.vcf_varstats.tsv:md5,97eb19cf06e497419bea5be2a2167c38",
                                            "gwas.vcfanno.vcf_info_tags.txt:md5,91e1173e27f512dc3fbecb7bdb95e050"
                                        ],
                                        [
                                            "panel_of_normals.vcfanno.vcf_info_tags.txt:md5,da558a031991c94497c2617fd6f14da0"
                                        ],
                                        [
                                            "tcga.vcf.gz:md5,ed24401f52cd666e2bb04fe206842320",
                                            "tcga.vcf.gz.tbi:md5,c7e29a5d14096077585c8254bb08fbca",
                                            "tcga.vcf_varstats.tsv:md5,138884f940d22ed536858cb40169a212",
                                            "tcga.vcfanno.vcf_info_tags.txt:md5,ba1332b53cdf4cb44924bb15dd10adec"
                                        ]
                                    ]
                                ],
                                "vcf_infotags_other.tsv:md5,af23151e2cd6cb250f52342a15b51074",
                                "vcf_infotags_vep.tsv:md5,243f198054045d954326898df7d1c861"
                            ]
                        ]
                    ]
                ],
                "1": [
                    [
                        "/annotation-cache/vep_cache/113_GRCh38"
                    ]
                ],
                "2": [
                    "versions.yml:md5,4a48cea6b675ee0e00ef0d3d05bf750f"
                ],
                "pcgr_dir": [
                    [
                        [
                            [
                                [
                                    [
                                        "biomarker_metadata.tsv:md5,e016110576bbffd0fadc19a28ea76f5b",
                                        "drug_metadata.tsv:md5,0e3180da576d864cd6db3512abc52709",
                                        "gene_metadata.tsv:md5,90565eaa8258e4f00f5abf0cdc99a6ca",
                                        "gwas_metadata.tsv:md5,e38e17bb1d96ccda146f87e4fac004a3",
                                        "hotspot_metadata.tsv:md5,993b4899257d1fac45a372f1b5046938",
                                        "other_metadata.tsv:md5,d2f6294b219cebe9a0498e1de1a586fb",
                                        "phenotype_metadata.tsv:md5,2fb5e5d9f534b353afd3206455c8b803"
                                    ]
                                ],
                                ".PCGR_BUNDLE_VERSION:md5,8be4bc2e52b81c51d90b8817a6786bbf",
                                [
                                    [
                                        "cgi.clinical.tsv.gz:md5,ba6dd0b16aa61e9b99060c92a65b6b22",
                                        "cgi.literature.tsv.gz:md5,8cc97544662e4e98eaa19652708aacdb",
                                        "cgi.variant.tsv.gz:md5,822a1124e1aff89b0c43a813397c2a42",
                                        "civic.clinical.tsv.gz:md5,b78f0a9084adcfbcd1c0d68017de21b9",
                                        "civic.literature.tsv.gz:md5,6627f65d3755dcc6d2b1a399fc9d8b73",
                                        "civic.variant.tsv.gz:md5,b950b79efb9b2dedbea4fb1f14719257"
                                    ]
                                ],
                                "chromsize.grch38.tsv:md5,042441fcbd45f706c2791b978d957d3e",
                                "data_overview.grch38.html:md5,517642d1947f61ee6f748bea1b1ae1df",
                                [
                                    [
                                        "drug_all.tsv.gz:md5,f07095b35d772c37270de968690e7db9",
                                        "drug_targeted.tsv.gz:md5,e7e4db8c07bbeab0da3d66263bfff869"
                                    ]
                                ],
                                [
                                    [
                                        [
                                            "depmap_sample_metadata.tsv.gz:md5,54c0804e3546a5dfe98b4ea5e7013e1c",
                                            "depmap_tpm.tsv.gz:md5,59fdac6debedc8cbb2e0b4bb1ea72d2b"
                                        ],
                                        [
                                            "tcga_acc_sample_metadata.tsv.gz:md5,8bd22d73a0001ea85d223061a0d35ca4",
                                            "tcga_acc_tpm.tsv.gz:md5,0d02426f834254fd939b441e1ab08641",
                                            "tcga_blca_sample_metadata.tsv.gz:md5,e7b0bb39463b20af9d7a04eb84d25740",
                                            "tcga_blca_tpm.tsv.gz:md5,5aee07be1fa798f631d8a048adced04f",
                                            "tcga_brca_sample_metadata.tsv.gz:md5,29fb12ca8b4009dd6ab5d54b9ebb10fd",
                                            "tcga_brca_tpm.tsv.gz:md5,ce08d23c1962b880031995014f7159ee",
                                            "tcga_cesc_sample_metadata.tsv.gz:md5,d741b3c4849d81f85db520db9f2e88e9",
                                            "tcga_cesc_tpm.tsv.gz:md5,1c42339ba4cd2175dbe44be90e4cec23",
                                            "tcga_chol_sample_metadata.tsv.gz:md5,01a90a108047b579906f8d8f3ffa1e0a",
                                            "tcga_chol_tpm.tsv.gz:md5,cfe02fc4f21b0814d894a93c99a4cbde",
                                            "tcga_coad_sample_metadata.tsv.gz:md5,739012a7182984ec0b6b69963b0eef16",
                                            "tcga_coad_tpm.tsv.gz:md5,5c3c4da8e1ef16714f3f023fbbfbf4eb",
                                            "tcga_dlbc_sample_metadata.tsv.gz:md5,07ada1ae705b86ad8feb5fa8f0877cb1",
                                            "tcga_dlbc_tpm.tsv.gz:md5,9da7b66f24a980d8e13e7ea3ce110aa9",
                                            "tcga_esca_sample_metadata.tsv.gz:md5,1daf9f5ab5665955d6a4c2f5777fcf22",
                                            "tcga_esca_tpm.tsv.gz:md5,c7e0c827223f2c36c4a030a870e0d4f8",
                                            "tcga_gbm_sample_metadata.tsv.gz:md5,5b095c32244a50b9a7177019e9013962",
                                            "tcga_gbm_tpm.tsv.gz:md5,8daa413872d02b81e193351fd2fdc410",
                                            "tcga_hnsc_sample_metadata.tsv.gz:md5,e033740086c1d38899f07679d8defe9e",
                                            "tcga_hnsc_tpm.tsv.gz:md5,fba1e932ac96cd5c3d7517e67e1d019c",
                                            "tcga_kich_sample_metadata.tsv.gz:md5,e7b2b604dbcec696440b7b860b669537",
                                            "tcga_kich_tpm.tsv.gz:md5,d756237c55998a3d74a7268569ef8276",
                                            "tcga_kirc_sample_metadata.tsv.gz:md5,598f1ac1a8f2d1bc48bae45e5f58a63a",
                                            "tcga_kirc_tpm.tsv.gz:md5,c0034e0e24cf3745ab088fb758f9b447",
                                            "tcga_kirp_sample_metadata.tsv.gz:md5,3f8b8301377d4c497a966f46eb45ed6e",
                                            "tcga_kirp_tpm.tsv.gz:md5,85691cb6c85ab43d55cf9ecd71488510",
                                            "tcga_laml_sample_metadata.tsv.gz:md5,022d7af3b73843c1c124ba5436221bb5",
                                            "tcga_laml_tpm.tsv.gz:md5,c76d7cf437b838f4d5e10868bf55cbd3",
                                            "tcga_lgg_sample_metadata.tsv.gz:md5,d7cf74eac095af2e83d894cc7fde3c42",
                                            "tcga_lgg_tpm.tsv.gz:md5,2b55443bd084a86b1e77eccd65cf11a8",
                                            "tcga_lihc_sample_metadata.tsv.gz:md5,a6ce754d3bca8c138c962cb51d67efc2",
                                            "tcga_lihc_tpm.tsv.gz:md5,bd80f6526cbd1c47f68ee5ef79ede92e",
                                            "tcga_luad_sample_metadata.tsv.gz:md5,e8333dbda5c26e8b043412bf01b38238",
                                            "tcga_luad_tpm.tsv.gz:md5,d35cc920b1e92e11c90d5c2907284ba4",
                                            "tcga_lusc_sample_metadata.tsv.gz:md5,0762a7df6702154ef0f7786871eb3693",
                                            "tcga_lusc_tpm.tsv.gz:md5,12a2b2789c968059c9e5a794cbd464c1",
                                            "tcga_meso_sample_metadata.tsv.gz:md5,2aec74a4bc2e76e88b96c6e5128ead0f",
                                            "tcga_meso_tpm.tsv.gz:md5,a73e2ad026633d2698c71d342cb4bf8b",
                                            "tcga_ov_sample_metadata.tsv.gz:md5,41c48222daaf3030a541967e9fef409e",
                                            "tcga_ov_tpm.tsv.gz:md5,155d7aa5b4f510a115416d3800bf369e",
                                            "tcga_paad_sample_metadata.tsv.gz:md5,c42bef1b00b9d6bbde399d32e9a4a18d",
                                            "tcga_paad_tpm.tsv.gz:md5,715087ba5efc6fe530f73fc83ac63dab",
                                            "tcga_pcpg_sample_metadata.tsv.gz:md5,a67ab75243f258684b0aeda5c35ef518",
                                            "tcga_pcpg_tpm.tsv.gz:md5,08d0b820e10e78546eff37e04c04cb96",
                                            "tcga_prad_sample_metadata.tsv.gz:md5,589c9a9ee79655c8869f8571d8386eb8",
                                            "tcga_prad_tpm.tsv.gz:md5,ca449e77f374e8f1374f3b1da9f5b2e8",
                                            "tcga_read_sample_metadata.tsv.gz:md5,83a5fa84884b555da46af2b238e6ffd7",
                                            "tcga_read_tpm.tsv.gz:md5,24e28e0bf1b9054c546fc8ac1fb877dc",
                                            "tcga_sarc_sample_metadata.tsv.gz:md5,3a916e87f2ba5d0322a852c9bd82e056",
                                            "tcga_sarc_tpm.tsv.gz:md5,7d979ba2fbda89a6df95cfda02719e7b",
                                            "tcga_skcm_sample_metadata.tsv.gz:md5,cc4402003d913b0e9212fff3caac8caa",
                                            "tcga_skcm_tpm.tsv.gz:md5,0aa718dfc8eaf574279c0b87ef0da2e0",
                                            "tcga_stad_sample_metadata.tsv.gz:md5,b70de22681b19573cb6aa642016da3e3",
                                            "tcga_stad_tpm.tsv.gz:md5,ff6604e14236ab95041ac449306a84ab",
                                            "tcga_tgct_sample_metadata.tsv.gz:md5,2fc110d953fc638f6c7e9a03bf81dbaf",
                                            "tcga_tgct_tpm.tsv.gz:md5,a2f6750ee535afa03b40192a0c2d08de",
                                            "tcga_thca_sample_metadata.tsv.gz:md5,584d15fc734b766ff50ab53eacf7a556",
                                            "tcga_thca_tpm.tsv.gz:md5,2ef89b1d28b5b020f74ec11db4b974b0",
                                            "tcga_thym_sample_metadata.tsv.gz:md5,d8b46f6300d7c6c16df68c9f0f387fd4",
                                            "tcga_thym_tpm.tsv.gz:md5,52fa607c2c94ab1a3703cb630efb3e8d",
                                            "tcga_ucec_sample_metadata.tsv.gz:md5,64c1184eb1db969c0f4eb88c1a1f5d63",
                                            "tcga_ucec_tpm.tsv.gz:md5,f127e508b39d48ad98fc37568feeab3c",
                                            "tcga_ucs_sample_metadata.tsv.gz:md5,7339e71a7113e874124c14ce9723eb14",
                                            "tcga_ucs_tpm.tsv.gz:md5,f83052eecb7b14a6c751c4902f584090",
                                            "tcga_uvm_sample_metadata.tsv.gz:md5,836f21ed8bec6f04fae9d83cc3df14c6",
                                            "tcga_uvm_tpm.tsv.gz:md5,1ec4e8da1168730bd6eac778bffab8b6"
                                        ],
                                        [
                                            "treehouse_sample_metadata.tsv.gz:md5,3a3d259e1472194503c6f7d9248b0cee",
                                            "treehouse_tpm.tsv.gz:md5,3d869822bb63804efbf025078ef8bcee"
                                        ]
                                    ]
                                ],
                                [
                                    [
                                        "depmap.fusions.tsv.gz:md5,1273bc41a71af89c76dccf51429f36b2",
                                        "depmap.models.tsv.gz:md5,a889a57d95631a1dca8b90242d160bd9",
                                        "mitelmandb.clinical.tsv.gz:md5,531d238742445cf8cabec83591428c27",
                                        "mitelmandb.literature.tsv.gz:md5,82058b0c8a2192c928de259e5be2fec8",
                                        "mitelmandb.variant.tsv.gz:md5,e77fd29b8e1e87b714372dc76401dc8f"
                                    ]
                                ],
                                [
                                    [
                                        [
                                            "gene_transcript_xref.bed.gz:md5,42e8742d6896c58e5854788eb8ca07e7",
                                            "gene_transcript_xref.bed.gz.tbi:md5,c95124d15c30be7f3fc605b25c4079e3",
                                            "gene_transcript_xref.vcfanno.vcf_info_tags.txt:md5,e50485a720100177657582e327d5c867",
                                            "gene_transcript_xref_pc_nopad.bed.gz:md5,a52d00ed20bd4130e2753eeddfd6e9cd",
                                            "gene_transcript_xref_pc_nopad.bed.gz.tbi:md5,34114f1660c04e23ffffec2969d33846"
                                        ],
                                        [
                                            "0.bed.gz:md5,aa2df770964ed4c6abfc21f50d16b3a7",
                                            "0.bed.gz.tbi:md5,6652a61e7445933bcd6ba82c1b37f978",
                                            "1.GREEN.bed.gz:md5,8328f3a57e84627307b0ed95b079a487",
                                            "1.GREEN.bed.gz.tbi:md5,89f58719136f128c61c2a11ba8b2d4e1",
                                            "1.bed.gz:md5,bf48a7af4af609dc86ba00cce860cc44",
                                            "1.bed.gz.tbi:md5,edf9562ace3dd98615e7548dbc234657",
                                            "10.GREEN.bed.gz:md5,4c4ba52f58d5b71848b1b41e4db10b85",
                                            "10.GREEN.bed.gz.tbi:md5,92ee3bfdf1cd5af0695143c11c17f76e",
                                            "10.bed.gz:md5,d29901c9f32f5e1aa0640c28c92bb4ae",
                                            "10.bed.gz.tbi:md5,854f3e9d17f0f34932c9a382bcceae05",
                                            "11.GREEN.bed.gz:md5,bf47664f59d689e0140906edb47267e5",
                                            "11.GREEN.bed.gz.tbi:md5,d3a7a33c40322a377cfeb3888a72d4f3",
                                            "11.bed.gz:md5,c01cb560871ae28a50f19b1b9e3f9b6b",
                                            "11.bed.gz.tbi:md5,7bb4e5868307591d0f91fb5f2c1cf5dd",
                                            "12.GREEN.bed.gz:md5,933dea26a5e22f50cec5476925fb9a51",
                                            "12.GREEN.bed.gz.tbi:md5,8735c32a8a82ba15d812ed449315ed70",
                                            "12.bed.gz:md5,b985b6066c0639ac18541967bd34e5ae",
                                            "12.bed.gz.tbi:md5,362ef12c3e96b841cc54db46a74b6930",
                                            "13.GREEN.bed.gz:md5,ca9cb3fe0d0886aae923d14e3d370550",
                                            "13.GREEN.bed.gz.tbi:md5,61bcf5c8dc1e8b6693c3339ea564ae98",
                                            "13.bed.gz:md5,544233926eedaeb849798d8e6edc6a5f",
                                            "13.bed.gz.tbi:md5,2daef2459dbdb7473e257001d3570a82",
                                            "14.GREEN.bed.gz:md5,d12e44e1aaee85d8cabc1e099a005561",
                                            "14.GREEN.bed.gz.tbi:md5,213fa17f6402e9fe9313b8114b162879",
                                            "14.bed.gz:md5,bce76fc680a61bf4aca3c85af132677a",
                                            "14.bed.gz.tbi:md5,f147b7550ec357fcd62853cc755ec00c",
                                            "15.GREEN.bed.gz:md5,8b055c08e4841906afa9fbad27406edb",
                                            "15.GREEN.bed.gz.tbi:md5,42334ef8ee174e3adc8bdbb8decd1597",
                                            "15.bed.gz:md5,f02669145fc4c7400cc58ac8d2a3cbc4",
                                            "15.bed.gz.tbi:md5,eac1cb0016509a9145be64ddfee96930",
                                            "16.GREEN.bed.gz:md5,f97a8f951ff537fb96b757d13b2f896d",
                                            "16.GREEN.bed.gz.tbi:md5,25942140b727137140064420d2a824f7",
                                            "16.bed.gz:md5,4282c44f30c85d59f3107da8b0cd5a3f",
                                            "16.bed.gz.tbi:md5,01b323d10bdc3f4222198fb8e5b8ba34",
                                            "17.GREEN.bed.gz:md5,fb2c7266581d38b29f9a8fb6b41c61de",
                                            "17.GREEN.bed.gz.tbi:md5,2ba466f5fb38a57520385f59f9dd0efa",
                                            "17.bed.gz:md5,d928cdcd2322eaf01f22503c9132257b",
                                            "17.bed.gz.tbi:md5,8c1efb782856f29fa9758108ea491fec",
                                            "18.GREEN.bed.gz:md5,6899f0e4a0228de31d02fa2dcf8b871d",
                                            "18.GREEN.bed.gz.tbi:md5,55f2a15903bbe5011427db045f033524",
                                            "18.bed.gz:md5,bb5738ebc246ada26bf90c04ace3381f",
                                            "18.bed.gz.tbi:md5,9676bc61897f517af4db4d1d45131538",
                                            "19.GREEN.bed.gz:md5,b432b0335b6af385a8b84df60a13db05",
                                            "19.GREEN.bed.gz.tbi:md5,d5090b0afc6ecb2a455291daea1346bb",
                                            "19.bed.gz:md5,b432b0335b6af385a8b84df60a13db05",
                                            "19.bed.gz.tbi:md5,d5090b0afc6ecb2a455291daea1346bb",
                                            "2.GREEN.bed.gz:md5,2b55b0733070b2282504ce4cc4024920",
                                            "2.GREEN.bed.gz.tbi:md5,f36d3eb97fb4ea5b42d41d76f9ec2815",
                                            "2.bed.gz:md5,08789af26fbd4af478a6c8282cad9ea1",
                                            "2.bed.gz.tbi:md5,2a0dde4b59312336046247090e1e6b48",
                                            "20.GREEN.bed.gz:md5,48e9d716d4bd01a438ddc9e7c5b24c40",
                                            "20.GREEN.bed.gz.tbi:md5,0717ea6d12633e6fde2dc0c063ec05cc",
                                            "20.bed.gz:md5,86b552e9a5d3c762b4da073e5f967902",
                                            "20.bed.gz.tbi:md5,5b453a345380c02c58143fddbdfdcb28",
                                            "21.GREEN.bed.gz:md5,a062e7a18dfb36c44b1e805e569e125c",
                                            "21.GREEN.bed.gz.tbi:md5,d9b36a5dc9a102f1b4a64f472f90483f",
                                            "21.bed.gz:md5,f1f651b2486277883fa8c3018c7bc63a",
                                            "21.bed.gz.tbi:md5,923f7b6179ce35ae20c6d187856f100e",
                                            "22.GREEN.bed.gz:md5,7b9b30c9630aaf85b84caeb6019880ad",
                                            "22.GREEN.bed.gz.tbi:md5,d569b945f6729a5b07acc03b236a43b7",
                                            "22.bed.gz:md5,fe873149012940c7b3088bfd75336e1b",
                                            "22.bed.gz.tbi:md5,937fcf84f910b95985b073f675f1b52e",
                                            "23.GREEN.bed.gz:md5,87e6e1c02b16b34685602e86016ddeab",
                                            "23.GREEN.bed.gz.tbi:md5,c4926ece2b9727a7522d33d115324b8d",
                                            "23.bed.gz:md5,0b43d8ae2fe3dd1f8a05b3f37348a681",
                                            "23.bed.gz.tbi:md5,b7f033bff56fc93a29a110b837490214",
                                            "24.GREEN.bed.gz:md5,7eaeb7543224fbef22f01983f89b7f8d",
                                            "24.GREEN.bed.gz.tbi:md5,8ff13baf5eac38e00488059cd743ce04",
                                            "24.bed.gz:md5,dbfe469d2d8fc29132d09d5086c3fec4",
                                            "24.bed.gz.tbi:md5,4c2da76134026d3a082ce915a0fa9ba3",
                                            "25.GREEN.bed.gz:md5,3501e035182fb8f6fb71c83c9e02a828",
                                            "25.GREEN.bed.gz.tbi:md5,e343a586759d38cd226c1b190460bbbb",
                                            "25.bed.gz:md5,3501e035182fb8f6fb71c83c9e02a828",
                                            "25.bed.gz.tbi:md5,e343a586759d38cd226c1b190460bbbb",
                                            "26.GREEN.bed.gz:md5,1222ac0690983e150725a4b069269922",
                                            "26.GREEN.bed.gz.tbi:md5,127f532882153328ebe282c3c8f3cd12",
                                            "26.bed.gz:md5,54167cf78cd17822c60d9b31a82830fa",
                                            "26.bed.gz.tbi:md5,ff6c1d1a6ae13276def8394f67845ee5",
                                            "27.GREEN.bed.gz:md5,6a958ceb76224cb08cc08f4d8e437f4e",
                                            "27.GREEN.bed.gz.tbi:md5,946128cb6debdc88280ffd6395713f16",
                                            "27.bed.gz:md5,d725f43b4d0bdfe699e9a0d0e5965219",
                                            "27.bed.gz.tbi:md5,bec67ff2bbac177ac0d18cdb03c12c11",
                                            "28.GREEN.bed.gz:md5,5390282fc06faf41057390428879296f",
                                            "28.GREEN.bed.gz.tbi:md5,bf76697df22abef1f2508ceb130c4b65",
                                            "28.bed.gz:md5,0826fc28830db7e3907b4c9ebd300bcd",
                                            "28.bed.gz.tbi:md5,940d316aa78c63afea4b1e355c5700bb",
                                            "29.GREEN.bed.gz:md5,769d37d53c7a501197fe93664bd3c411",
                                            "29.GREEN.bed.gz.tbi:md5,f70d8b5eac10035631955aa099130edb",
                                            "29.bed.gz:md5,769d37d53c7a501197fe93664bd3c411",
                                            "29.bed.gz.tbi:md5,f70d8b5eac10035631955aa099130edb",
                                            "3.GREEN.bed.gz:md5,933dea26a5e22f50cec5476925fb9a51",
                                            "3.GREEN.bed.gz.tbi:md5,8735c32a8a82ba15d812ed449315ed70",
                                            "3.bed.gz:md5,933dea26a5e22f50cec5476925fb9a51",
                                            "3.bed.gz.tbi:md5,8735c32a8a82ba15d812ed449315ed70",
                                            "30.GREEN.bed.gz:md5,92ac4a5d9bee6666aeccf858eec719c3",
                                            "30.GREEN.bed.gz.tbi:md5,26e658ef12b3186245c7b37321cceac6",
                                            "30.bed.gz:md5,aa5b0f384968444f63b75dd65a52fd49",
                                            "30.bed.gz.tbi:md5,c0d64fdf1f9a4f16a286cee1f2296850",
                                            "31.GREEN.bed.gz:md5,66f69ce455507c3342502975d82bd953",
                                            "31.GREEN.bed.gz.tbi:md5,4d6c0af579507c0577e790abb2ecafe1",
                                            "31.bed.gz:md5,b21fe9d6d95b3e7ba7b369b0af532336",
                                            "31.bed.gz.tbi:md5,2278c145b568053014bef7e258072e71",
                                            "32.GREEN.bed.gz:md5,5db2170dea9a782740329a2429215507",
                                            "32.GREEN.bed.gz.tbi:md5,2b92f2669de062221b7065d5bf16961a",
                                            "32.bed.gz:md5,5db2170dea9a782740329a2429215507",
                                            "32.bed.gz.tbi:md5,2b92f2669de062221b7065d5bf16961a",
                                            "33.GREEN.bed.gz:md5,e735336a73189fadf143805d6dfe8b02",
                                            "33.GREEN.bed.gz.tbi:md5,b10bf9042ed481885aede495f1b4ebd4",
                                            "33.bed.gz:md5,788593a71cd19542ca0ec3693ca3f0be",
                                            "33.bed.gz.tbi:md5,46b4dd4dfe9f39f1b38b60b8f373245b",
                                            "34.GREEN.bed.gz:md5,a062e7a18dfb36c44b1e805e569e125c",
                                            "34.GREEN.bed.gz.tbi:md5,d9b36a5dc9a102f1b4a64f472f90483f",
                                            "34.bed.gz:md5,a062e7a18dfb36c44b1e805e569e125c",
                                            "34.bed.gz.tbi:md5,d9b36a5dc9a102f1b4a64f472f90483f",
                                            "35.GREEN.bed.gz:md5,a33d804c056975e5d0fbd50f4712d4cc",
                                            "35.GREEN.bed.gz.tbi:md5,594150a3711c9859a76a04bc902e0410",
                                            "35.bed.gz:md5,dc030679a2387f5236c5e49a68fd4a4c",
                                            "35.bed.gz.tbi:md5,424ce90516d2c3eee3ee5d095ec65b43",
                                            "36.GREEN.bed.gz:md5,933dea26a5e22f50cec5476925fb9a51",
                                            "36.GREEN.bed.gz.tbi:md5,8735c32a8a82ba15d812ed449315ed70",
                                            "36.bed.gz:md5,933dea26a5e22f50cec5476925fb9a51",
                                            "36.bed.gz.tbi:md5,8735c32a8a82ba15d812ed449315ed70",
                                            "37.GREEN.bed.gz:md5,8d6f72611042f21abde8bb4a7188f3df",
                                            "37.GREEN.bed.gz.tbi:md5,71e74e676082a6208807e58cc1537572",
                                            "37.bed.gz:md5,8d6f72611042f21abde8bb4a7188f3df",
                                            "37.bed.gz.tbi:md5,71e74e676082a6208807e58cc1537572",
                                            "38.GREEN.bed.gz:md5,013f2154bcc3a1c5398933c18a7baca8",
                                            "38.GREEN.bed.gz.tbi:md5,c0389aa366df0eab270b5a05a3ee2010",
                                            "38.bed.gz:md5,013f2154bcc3a1c5398933c18a7baca8",
                                            "38.bed.gz.tbi:md5,c0389aa366df0eab270b5a05a3ee2010",
                                            "39.GREEN.bed.gz:md5,52471e74828dfdcb6695c3f31a3342e6",
                                            "39.GREEN.bed.gz.tbi:md5,d04adefd9656e41cff411dbd056a712f",
                                            "39.bed.gz:md5,df3c831e9d727f4eba72c97231d085a1",
                                            "39.bed.gz.tbi:md5,61f05a98c7a77d6b5840e066ba27106c",
                                            "4.GREEN.bed.gz:md5,79350d6008a683f6162f407a65cd8509",
                                            "4.GREEN.bed.gz.tbi:md5,1717af686a0b2b64366db54af39439a8",
                                            "4.bed.gz:md5,79350d6008a683f6162f407a65cd8509",
                                            "4.bed.gz.tbi:md5,1717af686a0b2b64366db54af39439a8",
                                            "40.GREEN.bed.gz:md5,e6fb254c70e599c76bd3b0da3b57b25a",
                                            "40.GREEN.bed.gz.tbi:md5,970a985e31300024f5d6ea065f529588",
                                            "40.bed.gz:md5,8c96d6d25a089b9d81bac06f7550f6f9",
                                            "40.bed.gz.tbi:md5,8cd446b4ba9eaf845a5b3fbf0e43ab3c",
                                            "41.GREEN.bed.gz:md5,a34b069e042bc5e8cc036f52964e27de",
                                            "41.GREEN.bed.gz.tbi:md5,e545e0f697b2510ffa35dee345f5cfa9",
                                            "41.bed.gz:md5,a34b069e042bc5e8cc036f52964e27de",
                                            "41.bed.gz.tbi:md5,e545e0f697b2510ffa35dee345f5cfa9",
                                            "42.GREEN.bed.gz:md5,358fc8d7569ef0834ce1f1f78965e7fc",
                                            "42.GREEN.bed.gz.tbi:md5,cab0bdf1ffb7bfb4c28d455b20cdce57",
                                            "42.bed.gz:md5,d48b258e16c20ac971fbf7db115c8dea",
                                            "42.bed.gz.tbi:md5,225f2a6f700d49cfef49202c3b970b3e",
                                            "43.GREEN.bed.gz:md5,933dea26a5e22f50cec5476925fb9a51",
                                            "43.GREEN.bed.gz.tbi:md5,8735c32a8a82ba15d812ed449315ed70",
                                            "43.bed.gz:md5,933dea26a5e22f50cec5476925fb9a51",
                                            "43.bed.gz.tbi:md5,8735c32a8a82ba15d812ed449315ed70",
                                            "44.GREEN.bed.gz:md5,933dea26a5e22f50cec5476925fb9a51",
                                            "44.GREEN.bed.gz.tbi:md5,8735c32a8a82ba15d812ed449315ed70",
                                            "44.bed.gz:md5,d0d6c99ce407d9446e4ccd99d7e5efdc",
                                            "44.bed.gz.tbi:md5,3923c7a3eb2e93b66c08025570f1d964",
                                            "5.GREEN.bed.gz:md5,933dea26a5e22f50cec5476925fb9a51",
                                            "5.GREEN.bed.gz.tbi:md5,8735c32a8a82ba15d812ed449315ed70",
                                            "5.bed.gz:md5,c3da4820d744013c30b6af1ce08c11f9",
                                            "5.bed.gz.tbi:md5,74d4b4e1c7a7b3e4b70d450968e60537",
                                            "6.GREEN.bed.gz:md5,bc6886e9aeb7304512ada9c653356201",
                                            "6.GREEN.bed.gz.tbi:md5,a21d7e7b00a1b30dbca8fdb0f2599d25",
                                            "6.bed.gz:md5,3a02a4918a727a233c755132f557ef4b",
                                            "6.bed.gz.tbi:md5,58f347ef53f9d83a4e896954d34a6d8d",
                                            "7.GREEN.bed.gz:md5,c4b68b710ba5896c6cfeda4ba084701e",
                                            "7.GREEN.bed.gz.tbi:md5,67ffca54cc604fbd9574778fb544536a",
                                            "7.bed.gz:md5,c4b68b710ba5896c6cfeda4ba084701e",
                                            "7.bed.gz.tbi:md5,67ffca54cc604fbd9574778fb544536a",
                                            "8.GREEN.bed.gz:md5,2f926e2d14bd1d7cd64cc5f5143a0291",
                                            "8.GREEN.bed.gz.tbi:md5,50498a8a7d1a310331f010d9b73c0ff2",
                                            "8.bed.gz:md5,2f926e2d14bd1d7cd64cc5f5143a0291",
                                            "8.bed.gz.tbi:md5,50498a8a7d1a310331f010d9b73c0ff2",
                                            "9.GREEN.bed.gz:md5,db567f2d68986c843f0a3732ea928a22",
                                            "9.GREEN.bed.gz.tbi:md5,c98292ccfaafca624143200f069f52e3",
                                            "9.bed.gz:md5,d9c9080fd052b0e2a23a88594509b7dd",
                                            "9.bed.gz.tbi:md5,0fa0bc4eca74c75c3437ad2c17b31287",
                                            "cancer_target.bed.gz:md5,e783447445e74af8a591295272d78d64",
                                            "cancer_target.bed.gz.tbi:md5,016fa7f7a945a46105e42169398383c8"
                                        ]
                                    ],
                                    [
                                        [
                                            "gene_cpg.tsv.gz:md5,921d4ef57e8b9eedd82154f556463aaf"
                                        ],
                                        [
                                            "gene_index.tsv.gz:md5,21ebf977533985b51baac91f7c4f6bb7",
                                            "gene_transcript_xref.tsv.gz:md5,fd44ff02d813d60725e65e890f723b50",
                                            "gene_transcript_xref_bedmap.tsv.gz:md5,7878b4d0430d2a0d6e6e4f3f81c5ef59",
                                            "otp_rank.tsv.gz:md5,29becff0fa2c0c197ff6cdc432c12ef6"
                                        ],
                                        [
                                            "gene_virtual_panel.tsv.gz:md5,fe72b9feeeaae214debf3bbc7a6f8d56"
                                        ]
                                    ]
                                ],
                                [
                                    [
                                        [
                                            "cytoband.bed.gz:md5,0d27c23357bdbf59f1e4978d0fd854e3",
                                            "cytoband.bed.gz.tbi:md5,c1d4565d6ab4ff4e23412f6a03a04aab"
                                        ],
                                        [
                                            "gerp.bed.gz:md5,b6e270482464f8a4f09f8599ad36aea8",
                                            "gerp.bed.gz.tbi:md5,d50e537ffb036f349669f9dd9270b03b",
                                            "gerp.vcfanno.vcf_info_tags.txt:md5,2a2f5b3be25120274cd5df9f299af11f"
                                        ],
                                        [
                                            
                                        ],
                                        [
                                            "rmsk.bed.gz:md5,5223b31d882a74da9b34b81b96653c8d",
                                            "rmsk.bed.gz.tbi:md5,a57325e02165030a319af664db3b3990",
                                            "rmsk.vcfanno.vcf_info_tags.txt:md5,b92ed2124a575b3c8915ad8c260b6192"
                                        ],
                                        [
                                            "simplerepeat.bed.gz:md5,ae8789f985c9d72af280abe470f493de",
                                            "simplerepeat.bed.gz.tbi:md5,6d82a9a413aed988cab5225c07a10a44",
                                            "simplerepeat.vcfanno.vcf_info_tags.txt:md5,7d79654ab1027eeac81700e759f0d5f4"
                                        ],
                                        [
                                            "winmsk.bed.gz:md5,aec0a46ef0bfccfec683ccd4ea65a6d9",
                                            "winmsk.bed.gz.tbi:md5,796363b846290767fe48afa46ff1dfe0",
                                            "winmsk.vcfanno.vcf_info_tags.txt:md5,2d1a3a5ca0c7b0c4b3491b2e723fd189"
                                        ]
                                    ],
                                    [
                                        [
                                            
                                        ],
                                        [
                                            "Homo_sapiens.GRCh38.dna.primary_assembly.fa.gz:md5,a65212262de00761b43869d5c08c8e4d",
                                            "Homo_sapiens.GRCh38.dna.primary_assembly.fa.gz.fai:md5,06640e0e262c0a1494700e32f48685e1",
                                            "Homo_sapiens.GRCh38.dna.primary_assembly.fa.gz.gzi:md5,0b1d02ddb1cf7740d2572809b951b1af"
                                        ]
                                    ],
                                    [
                                        [
                                            "tcga_msi_classifier.html:md5,b81386bd9dd0e61244d266160eeb59ab",
                                            "tcga_msi_classifier.rds:md5,be04323d63258d16e25aefaa1a06c5bc"
                                        ]
                                    ],
                                    [
                                        [
                                            
                                        ],
                                        [
                                            "cytoband.tsv.gz:md5,427311d6aba6b4f4a9d05e8f6a82bef1"
                                        ],
                                        [
                                            "grantham.tsv:md5,3cb246982ce91243a34447523820ef6a"
                                        ],
                                        [
                                            "hotspot.tsv.gz:md5,5394d3dd0f3648b7c7711cacaf14dc50",
                                            "hotspot_long.tsv.gz:md5,c3bfbbf5480107680403d1eebd32ec3e"
                                        ],
                                        [
                                            "mutational_signature.tsv.gz:md5,d6e62c0716e9f8f8975e8eade6775262"
                                        ],
                                        [
                                            "mutsplicedb.tsv:md5,85473986d8eaed75fdfa76562ca12187"
                                        ],
                                        [
                                            "oncogenicity.tsv:md5,a26e3d7520358df4fa37cdbefacd0160"
                                        ],
                                        [
                                            "pathway.tsv.gz:md5,cbd421098d9746889d10b6a07207b329"
                                        ],
                                        [
                                            "protein_domain.tsv.gz:md5,ab9fe40213a9a0f7f22cf52ea593b6cb"
                                        ],
                                        [
                                            "tmb.tsv.gz:md5,a2e44af4cd6f0352156e5c8b22a45b89"
                                        ]
                                    ]
                                ],
                                [
                                    [
                                        "phenotype_onco.tsv.gz:md5,2505646d8c6204b0eabc291a77fc0e43",
                                        "phenotype_umls.tsv.gz:md5,41215237333649546eb03ede0b7f02b8"
                                    ]
                                ],
                                [
                                    ".DS_Store:md5,365f33ebf1b3bdb55e2841d3b5381c90",
                                    [
                                        [
                                            "clinvar.tsv.gz:md5,aefe3ba7209c5bdb144dbc6de4653b53",
                                            "clinvar_gene_varstats.tsv.gz:md5,df9518a35a03712e3bc2bd5baf5886d2",
                                            "clinvar_oncogenic.tsv.gz:md5,1fde1f6012c4e1826965cb7d0d2025a1",
                                            "clinvar_sites.tsv.gz:md5,b83e68ef768aa6af0d0ae3524570aa90"
                                        ],
                                        [
                                            "gwas.tsv.gz:md5,3bea9c01ce65a924594bcae874211994"
                                        ]
                                    ],
                                    [
                                        ".DS_Store:md5,ee123201706829d1c8e3e4751e653bd1",
                                        [
                                            "clinvar.vcf.gz:md5,e973f269288c5defb1d57ae1f40a8185",
                                            "clinvar.vcf.gz.tbi:md5,8b70ded2a07eaaaee91b8901e59f68a8",
                                            "clinvar.vcf_varstats.tsv:md5,24df6b592a22b7a2694499380abe36da",
                                            "clinvar.vcfanno.vcf_info_tags.txt:md5,24a8b4278d7429f51d84bc5f07f9e31e"
                                        ],
                                        [
                                            "dbmts.vcf.gz:md5,82fd1a6b7e50e8f2207c209a48c5eaed",
                                            "dbmts.vcf.gz.tbi:md5,5ce7a6c94f290713d7636fbf1ac18494",
                                            "dbmts.vcf_varstats.tsv:md5,f50e1b7038f4da6486a901821a29946e",
                                            "dbmts.vcfanno.vcf_info_tags.txt:md5,ff304e244a1a21854f7b51e81bf6a291"
                                        ],
                                        [
                                            "dbnsfp.vcf.gz:md5,e1a8de2665d94544ef2aee38ac37f2a2",
                                            "dbnsfp.vcf.gz.tbi:md5,8056b40c39f587ccfe4f7a67a1dc1a4d",
                                            "dbnsfp.vcf_varstats.tsv:md5,7e857439fd243edaa7a4bcf791ed599f",
                                            "dbnsfp.vcfanno.vcf_info_tags.txt:md5,3f9423ad9302f5ed3b722efaa10b6d02"
                                        ],
                                        [
                                            "gnomad_non_cancer.vcf.gz:md5,97258b88a515749a0d37e6128e4bd8e9",
                                            "gnomad_non_cancer.vcf.gz.tbi:md5,e464b7ce63c7bd3b0b4d193214b0c295",
                                            "gnomad_non_cancer.vcf_varstats.tsv:md5,2f37257d273efbbcaed59da0eccd6326",
                                            "gnomad_non_cancer.vcfanno.vcf_info_tags.txt:md5,aa07db83720a31abfead2d362b062518"
                                        ],
                                        [
                                            "gwas.vcf.gz:md5,b3c1f12af7e3766c4bca82a38d0c50be",
                                            "gwas.vcf.gz.tbi:md5,b197423d0b019e601e740416a50363e9",
                                            "gwas.vcf_varstats.tsv:md5,97eb19cf06e497419bea5be2a2167c38",
                                            "gwas.vcfanno.vcf_info_tags.txt:md5,91e1173e27f512dc3fbecb7bdb95e050"
                                        ],
                                        [
                                            "panel_of_normals.vcfanno.vcf_info_tags.txt:md5,da558a031991c94497c2617fd6f14da0"
                                        ],
                                        [
                                            "tcga.vcf.gz:md5,ed24401f52cd666e2bb04fe206842320",
                                            "tcga.vcf.gz.tbi:md5,c7e29a5d14096077585c8254bb08fbca",
                                            "tcga.vcf_varstats.tsv:md5,138884f940d22ed536858cb40169a212",
                                            "tcga.vcfanno.vcf_info_tags.txt:md5,ba1332b53cdf4cb44924bb15dd10adec"
                                        ]
                                    ]
                                ],
                                "vcf_infotags_other.tsv:md5,af23151e2cd6cb250f52342a15b51074",
                                "vcf_infotags_vep.tsv:md5,243f198054045d954326898df7d1c861"
                            ]
                        ]
                    ]
                ],
                "vep_cache": [
                    [
                        "/annotation-cache/vep_cache/113_GRCh38"
                    ]
                ],
                "versions": [
                    "versions.yml:md5,4a48cea6b675ee0e00ef0d3d05bf750f"
                ]
            }
        ],
        "meta": {
            "nf-test": "0.9.2",
            "nextflow": "25.04.6"
        },
        "timestamp": "2025-11-26T15:53:04.119731803"
    }
}