{
    "-profile test | CPSR": {
        "content": [
            15,
            {
                "BCFTOOLS_FILTER": {
                    "bcftools": 1.22
                },
                "BCFTOOLS_NORM": {
                    "bcftools": 1.22
                },
                "CPSR_RUN": {
                    "cpsr": "2.2.1"
                },
                "TABIX_TABIX": {
                    "tabix": 1.21
                },
                "UNTAR_PCGR_DB": {
                    "untar": 1.34
                },
                "UNTAR_VEP_CACHE": {
                    "untar": 1.34
                }
            },
            [
                "bcftools",
                "bcftools/filter",
                "bcftools/filter/NA12878.NA12878N.deepvariant.norm.filtered.vcf.gz",
                "bcftools/filter/NA12878.NA12878N.deepvariant.norm.filtered.vcf.gz.tbi",
                "bcftools/filter/NA12878.NA12878N.haplotypecaller.norm.filtered.vcf.gz",
                "bcftools/filter/NA12878.NA12878N.haplotypecaller.norm.filtered.vcf.gz.tbi",
                "bcftools/filter/NA12878.NA12878N.strelka_snv.norm.filtered.vcf.gz",
                "bcftools/filter/NA12878.NA12878N.strelka_snv.norm.filtered.vcf.gz.tbi",
                "bcftools/norm",
                "bcftools/norm/NA12878.NA12878N.deepvariant.norm.vcf.gz",
                "bcftools/norm/NA12878.NA12878N.deepvariant.norm.vcf.gz.tbi",
                "bcftools/norm/NA12878.NA12878N.haplotypecaller.norm.vcf.gz",
                "bcftools/norm/NA12878.NA12878N.haplotypecaller.norm.vcf.gz.tbi",
                "bcftools/norm/NA12878.NA12878N.strelka_snv.norm.vcf.gz",
                "bcftools/norm/NA12878.NA12878N.strelka_snv.norm.vcf.gz.tbi",
                "cpsr",
                "cpsr/NA12878.NA12878N",
                "cpsr/NA12878.NA12878N/NA12878.NA12878N.cpsr.grch38.classification.tsv.gz",
                "cpsr/NA12878.NA12878N/NA12878.NA12878N.cpsr.grch38.conf.yaml",
                "cpsr/NA12878.NA12878N/NA12878.NA12878N.cpsr.grch38.html",
                "cpsr/NA12878.NA12878N/NA12878.NA12878N.cpsr.grch38.pass.tsv.gz",
                "cpsr/NA12878.NA12878N/NA12878.NA12878N.cpsr.grch38.pass.vcf.gz",
                "cpsr/NA12878.NA12878N/NA12878.NA12878N.cpsr.grch38.pass.vcf.gz.tbi",
                "cpsr/NA12878.NA12878N/NA12878.NA12878N.cpsr.grch38.vcf.gz",
                "cpsr/NA12878.NA12878N/NA12878.NA12878N.cpsr.grch38.vcf.gz.tbi",
                "cpsr/NA12878.NA12878N/NA12878.NA12878N.cpsr.grch38.xlsx",
                "multiqc",
                "multiqc/multiqc_data",
                "multiqc/multiqc_data/llms-full.txt",
                "multiqc/multiqc_data/multiqc.log",
                "multiqc/multiqc_data/multiqc.parquet",
                "multiqc/multiqc_data/multiqc_citations.txt",
                "multiqc/multiqc_data/multiqc_data.json",
                "multiqc/multiqc_data/multiqc_software_versions.txt",
                "multiqc/multiqc_data/multiqc_sources.txt",
                "multiqc/multiqc_report.html",
                "pipeline_info",
                "pipeline_info/nf_core_variantprioritization_software_mqc_versions.yml",
                "reference",
                "tabix",
                "tabix/NA12878.deepvariant.chr22.vcf.gz.tbi",
                "tabix/NA12878.haplotypecaller.chr22.vcf.gz.tbi",
                "tabix/NA12878.strelka.variants.chr22.vcf.gz.tbi"
            ],
            [
                "NA12878.NA12878N.cpsr.grch38.classification.tsv.gz:md5,568d7953780a84c50d2d410828fbc655",
                "NA12878.NA12878N.cpsr.grch38.html:md5,a4c605c72d8ad94bed29c3e51c2d561d",
                "NA12878.NA12878N.cpsr.grch38.pass.tsv.gz:md5,20569704e03cb6d461148bdbd3d5f33f",
                "multiqc_citations.txt:md5,4c806e63a283ec1b7e78cdae3a923d4f"
            ],
            [
                "NA12878.NA12878N.deepvariant.norm.filtered.vcf.gz:md5,838148d91b559d39859ccc7b6140f293",
                "NA12878.NA12878N.haplotypecaller.norm.filtered.vcf.gz:md5,1d51f07c55b96bb3ec253bc978774ca",
                "NA12878.NA12878N.strelka_snv.norm.filtered.vcf.gz:md5,4d08ebc56b1d528d87e76e8011a43faa",
                "NA12878.NA12878N.deepvariant.norm.vcf.gz:md5,272363f93f21b7a9adc6dcad78647116",
                "NA12878.NA12878N.haplotypecaller.norm.vcf.gz:md5,4f2f21777d10571f444f0f3a9c80aadc",
                "NA12878.NA12878N.strelka_snv.norm.vcf.gz:md5,4d08ebc56b1d528d87e76e8011a43faa",
                "NA12878.NA12878N.cpsr.grch38.pass.vcf.gz:md5,6aae7623eaa21b914d76aad8ce5e94f2",
                "NA12878.NA12878N.cpsr.grch38.vcf.gz:md5,6aae7623eaa21b914d76aad8ce5e94f2",
                "clinvar.vcf.gz:md5,8d3b4f3fa176287738ae82e72e26eac9",
                "dbmts.vcf.gz:md5,fe9d26d3f24a49fde2d98a62ec329de5",
                "dbnsfp.vcf.gz:md5,9fe7521182b9bd0c07f233f168504e8f",
                "gnomad_non_cancer.vcf.gz:md5,f99e849c822aea50002d9947289851a",
                "gwas.vcf.gz:md5,146d63e3f86f2134f40df3935be74567",
                "tcga.vcf.gz:md5,3e2b15b380d9a7d23cbb2222a4c07341"
            ]
        ],
        "meta": {
            "nf-test": "0.9.2",
            "nextflow": "25.10.4"
        },
        "timestamp": "2026-02-23T14:38:18.372726536"
    }
}