{
    "-profile test": {
        "content": [
            {
                "BCFTOOLS_NORM": {
                    "bcftools": 1.21
                },
                "PCGR_GETREF": {
                    "curl": "8.16.0",
                    "tar": 1.35,
                    "gzip": 1.14
                },
                "REFORMAT_CNA": {
                    "python": "3.6.15"
                },
                "TABIX_TABIX": {
                    "tabix": 1.21
                },
                "UNTAR_VEP_CACHE": {
                    "untar": 1.34
                },
                "Workflow": {
                    "nf-core/variantprioritization": "v1.0.0dev"
                }
            },
            [
                "bcftools/norm/HCC1395.HCC1395T.mutect2.norm.vcf.gz",
                "bcftools/norm/HCC1395.HCC1395T.strelka.somatic_indels_chr22.norm.vcf.gz",
                "bcftools/norm/HCC1395.HCC1395T.strelka.somatic_snvs_chr22.norm.vcf.gz",
                "custom/reformat/HCC1395T.reformatted.allelic_cna.tsv",
                "multiqc/multiqc_data/llms-full.txt",
                "multiqc/multiqc_data/multiqc.log",
                "multiqc/multiqc_data/multiqc.parquet",
                "multiqc/multiqc_data/multiqc_citations.txt",
                "multiqc/multiqc_data/multiqc_data.json",
                "multiqc/multiqc_data/multiqc_software_versions.txt",
                "multiqc/multiqc_data/multiqc_sources.txt",
                "multiqc/multiqc_report.html",
                "pipeline_info/nf_core_variantprioritization_software_mqc_versions.yml",
                "reference/pcgr/20250314/data/grch38/.METADATA/tsv/biomarker_metadata.tsv",
                "reference/pcgr/20250314/data/grch38/.METADATA/tsv/drug_metadata.tsv",
                "reference/pcgr/20250314/data/grch38/.METADATA/tsv/gene_metadata.tsv",
                "reference/pcgr/20250314/data/grch38/.METADATA/tsv/gwas_metadata.tsv",
                "reference/pcgr/20250314/data/grch38/.METADATA/tsv/hotspot_metadata.tsv",
                "reference/pcgr/20250314/data/grch38/.METADATA/tsv/other_metadata.tsv",
                "reference/pcgr/20250314/data/grch38/.METADATA/tsv/phenotype_metadata.tsv",
                "reference/pcgr/20250314/data/grch38/.PCGR_BUNDLE_VERSION",
                "reference/pcgr/20250314/data/grch38/biomarker/tsv/cgi.clinical.tsv.gz",
                "reference/pcgr/20250314/data/grch38/biomarker/tsv/cgi.literature.tsv.gz",
                "reference/pcgr/20250314/data/grch38/biomarker/tsv/cgi.variant.tsv.gz",
                "reference/pcgr/20250314/data/grch38/biomarker/tsv/civic.clinical.tsv.gz",
                "reference/pcgr/20250314/data/grch38/biomarker/tsv/civic.literature.tsv.gz",
                "reference/pcgr/20250314/data/grch38/biomarker/tsv/civic.variant.tsv.gz",
                "reference/pcgr/20250314/data/grch38/chromsize.grch38.tsv",
                "reference/pcgr/20250314/data/grch38/data_overview.grch38.html",
                "reference/pcgr/20250314/data/grch38/drug/tsv/drug_all.tsv.gz",
                "reference/pcgr/20250314/data/grch38/drug/tsv/drug_targeted.tsv.gz",
                "reference/pcgr/20250314/data/grch38/expression/tsv/depmap/depmap_sample_metadata.tsv.gz",
                "reference/pcgr/20250314/data/grch38/expression/tsv/depmap/depmap_tpm.tsv.gz",
                "reference/pcgr/20250314/data/grch38/expression/tsv/tcga/tcga_acc_sample_metadata.tsv.gz",
                "reference/pcgr/20250314/data/grch38/expression/tsv/tcga/tcga_acc_tpm.tsv.gz",
                "reference/pcgr/20250314/data/grch38/expression/tsv/tcga/tcga_blca_sample_metadata.tsv.gz",
                "reference/pcgr/20250314/data/grch38/expression/tsv/tcga/tcga_blca_tpm.tsv.gz",
                "reference/pcgr/20250314/data/grch38/expression/tsv/tcga/tcga_brca_sample_metadata.tsv.gz",
                "reference/pcgr/20250314/data/grch38/expression/tsv/tcga/tcga_brca_tpm.tsv.gz",
                "reference/pcgr/20250314/data/grch38/expression/tsv/tcga/tcga_cesc_sample_metadata.tsv.gz",
                "reference/pcgr/20250314/data/grch38/expression/tsv/tcga/tcga_cesc_tpm.tsv.gz",
                "reference/pcgr/20250314/data/grch38/expression/tsv/tcga/tcga_chol_sample_metadata.tsv.gz",
                "reference/pcgr/20250314/data/grch38/expression/tsv/tcga/tcga_chol_tpm.tsv.gz",
                "reference/pcgr/20250314/data/grch38/expression/tsv/tcga/tcga_coad_sample_metadata.tsv.gz",
                "reference/pcgr/20250314/data/grch38/expression/tsv/tcga/tcga_coad_tpm.tsv.gz",
                "reference/pcgr/20250314/data/grch38/expression/tsv/tcga/tcga_dlbc_sample_metadata.tsv.gz",
                "reference/pcgr/20250314/data/grch38/expression/tsv/tcga/tcga_dlbc_tpm.tsv.gz",
                "reference/pcgr/20250314/data/grch38/expression/tsv/tcga/tcga_esca_sample_metadata.tsv.gz",
                "reference/pcgr/20250314/data/grch38/expression/tsv/tcga/tcga_esca_tpm.tsv.gz",
                "reference/pcgr/20250314/data/grch38/expression/tsv/tcga/tcga_gbm_sample_metadata.tsv.gz",
                "reference/pcgr/20250314/data/grch38/expression/tsv/tcga/tcga_gbm_tpm.tsv.gz",
                "reference/pcgr/20250314/data/grch38/expression/tsv/tcga/tcga_hnsc_sample_metadata.tsv.gz",
                "reference/pcgr/20250314/data/grch38/expression/tsv/tcga/tcga_hnsc_tpm.tsv.gz",
                "reference/pcgr/20250314/data/grch38/expression/tsv/tcga/tcga_kich_sample_metadata.tsv.gz",
                "reference/pcgr/20250314/data/grch38/expression/tsv/tcga/tcga_kich_tpm.tsv.gz",
                "reference/pcgr/20250314/data/grch38/expression/tsv/tcga/tcga_kirc_sample_metadata.tsv.gz",
                "reference/pcgr/20250314/data/grch38/expression/tsv/tcga/tcga_kirc_tpm.tsv.gz",
                "reference/pcgr/20250314/data/grch38/expression/tsv/tcga/tcga_kirp_sample_metadata.tsv.gz",
                "reference/pcgr/20250314/data/grch38/expression/tsv/tcga/tcga_kirp_tpm.tsv.gz",
                "reference/pcgr/20250314/data/grch38/expression/tsv/tcga/tcga_laml_sample_metadata.tsv.gz",
                "reference/pcgr/20250314/data/grch38/expression/tsv/tcga/tcga_laml_tpm.tsv.gz",
                "reference/pcgr/20250314/data/grch38/expression/tsv/tcga/tcga_lgg_sample_metadata.tsv.gz",
                "reference/pcgr/20250314/data/grch38/expression/tsv/tcga/tcga_lgg_tpm.tsv.gz",
                "reference/pcgr/20250314/data/grch38/expression/tsv/tcga/tcga_lihc_sample_metadata.tsv.gz",
                "reference/pcgr/20250314/data/grch38/expression/tsv/tcga/tcga_lihc_tpm.tsv.gz",
                "reference/pcgr/20250314/data/grch38/expression/tsv/tcga/tcga_luad_sample_metadata.tsv.gz",
                "reference/pcgr/20250314/data/grch38/expression/tsv/tcga/tcga_luad_tpm.tsv.gz",
                "reference/pcgr/20250314/data/grch38/expression/tsv/tcga/tcga_lusc_sample_metadata.tsv.gz",
                "reference/pcgr/20250314/data/grch38/expression/tsv/tcga/tcga_lusc_tpm.tsv.gz",
                "reference/pcgr/20250314/data/grch38/expression/tsv/tcga/tcga_meso_sample_metadata.tsv.gz",
                "reference/pcgr/20250314/data/grch38/expression/tsv/tcga/tcga_meso_tpm.tsv.gz",
                "reference/pcgr/20250314/data/grch38/expression/tsv/tcga/tcga_ov_sample_metadata.tsv.gz",
                "reference/pcgr/20250314/data/grch38/expression/tsv/tcga/tcga_ov_tpm.tsv.gz",
                "reference/pcgr/20250314/data/grch38/expression/tsv/tcga/tcga_paad_sample_metadata.tsv.gz",
                "reference/pcgr/20250314/data/grch38/expression/tsv/tcga/tcga_paad_tpm.tsv.gz",
                "reference/pcgr/20250314/data/grch38/expression/tsv/tcga/tcga_pcpg_sample_metadata.tsv.gz",
                "reference/pcgr/20250314/data/grch38/expression/tsv/tcga/tcga_pcpg_tpm.tsv.gz",
                "reference/pcgr/20250314/data/grch38/expression/tsv/tcga/tcga_prad_sample_metadata.tsv.gz",
                "reference/pcgr/20250314/data/grch38/expression/tsv/tcga/tcga_prad_tpm.tsv.gz",
                "reference/pcgr/20250314/data/grch38/expression/tsv/tcga/tcga_read_sample_metadata.tsv.gz",
                "reference/pcgr/20250314/data/grch38/expression/tsv/tcga/tcga_read_tpm.tsv.gz",
                "reference/pcgr/20250314/data/grch38/expression/tsv/tcga/tcga_sarc_sample_metadata.tsv.gz",
                "reference/pcgr/20250314/data/grch38/expression/tsv/tcga/tcga_sarc_tpm.tsv.gz",
                "reference/pcgr/20250314/data/grch38/expression/tsv/tcga/tcga_skcm_sample_metadata.tsv.gz",
                "reference/pcgr/20250314/data/grch38/expression/tsv/tcga/tcga_skcm_tpm.tsv.gz",
                "reference/pcgr/20250314/data/grch38/expression/tsv/tcga/tcga_stad_sample_metadata.tsv.gz",
                "reference/pcgr/20250314/data/grch38/expression/tsv/tcga/tcga_stad_tpm.tsv.gz",
                "reference/pcgr/20250314/data/grch38/expression/tsv/tcga/tcga_tgct_sample_metadata.tsv.gz",
                "reference/pcgr/20250314/data/grch38/expression/tsv/tcga/tcga_tgct_tpm.tsv.gz",
                "reference/pcgr/20250314/data/grch38/expression/tsv/tcga/tcga_thca_sample_metadata.tsv.gz",
                "reference/pcgr/20250314/data/grch38/expression/tsv/tcga/tcga_thca_tpm.tsv.gz",
                "reference/pcgr/20250314/data/grch38/expression/tsv/tcga/tcga_thym_sample_metadata.tsv.gz",
                "reference/pcgr/20250314/data/grch38/expression/tsv/tcga/tcga_thym_tpm.tsv.gz",
                "reference/pcgr/20250314/data/grch38/expression/tsv/tcga/tcga_ucec_sample_metadata.tsv.gz",
                "reference/pcgr/20250314/data/grch38/expression/tsv/tcga/tcga_ucec_tpm.tsv.gz",
                "reference/pcgr/20250314/data/grch38/expression/tsv/tcga/tcga_ucs_sample_metadata.tsv.gz",
                "reference/pcgr/20250314/data/grch38/expression/tsv/tcga/tcga_ucs_tpm.tsv.gz",
                "reference/pcgr/20250314/data/grch38/expression/tsv/tcga/tcga_uvm_sample_metadata.tsv.gz",
                "reference/pcgr/20250314/data/grch38/expression/tsv/tcga/tcga_uvm_tpm.tsv.gz",
                "reference/pcgr/20250314/data/grch38/expression/tsv/treehouse/treehouse_sample_metadata.tsv.gz",
                "reference/pcgr/20250314/data/grch38/expression/tsv/treehouse/treehouse_tpm.tsv.gz",
                "reference/pcgr/20250314/data/grch38/fusion/tsv/depmap.fusions.tsv.gz",
                "reference/pcgr/20250314/data/grch38/fusion/tsv/depmap.models.tsv.gz",
                "reference/pcgr/20250314/data/grch38/fusion/tsv/mitelmandb.clinical.tsv.gz",
                "reference/pcgr/20250314/data/grch38/fusion/tsv/mitelmandb.literature.tsv.gz",
                "reference/pcgr/20250314/data/grch38/fusion/tsv/mitelmandb.variant.tsv.gz",
                "reference/pcgr/20250314/data/grch38/gene/bed/gene_transcript_xref/gene_transcript_xref.bed.gz",
                "reference/pcgr/20250314/data/grch38/gene/bed/gene_transcript_xref/gene_transcript_xref.bed.gz.tbi",
                "reference/pcgr/20250314/data/grch38/gene/bed/gene_transcript_xref/gene_transcript_xref.vcfanno.vcf_info_tags.txt",
                "reference/pcgr/20250314/data/grch38/gene/bed/gene_transcript_xref/gene_transcript_xref_pc_nopad.bed.gz",
                "reference/pcgr/20250314/data/grch38/gene/bed/gene_transcript_xref/gene_transcript_xref_pc_nopad.bed.gz.tbi",
                "reference/pcgr/20250314/data/grch38/gene/bed/gene_virtual_panel/0.bed.gz",
                "reference/pcgr/20250314/data/grch38/gene/bed/gene_virtual_panel/0.bed.gz.tbi",
                "reference/pcgr/20250314/data/grch38/gene/bed/gene_virtual_panel/1.GREEN.bed.gz",
                "reference/pcgr/20250314/data/grch38/gene/bed/gene_virtual_panel/1.GREEN.bed.gz.tbi",
                "reference/pcgr/20250314/data/grch38/gene/bed/gene_virtual_panel/1.bed.gz",
                "reference/pcgr/20250314/data/grch38/gene/bed/gene_virtual_panel/1.bed.gz.tbi",
                "reference/pcgr/20250314/data/grch38/gene/bed/gene_virtual_panel/10.GREEN.bed.gz",
                "reference/pcgr/20250314/data/grch38/gene/bed/gene_virtual_panel/10.GREEN.bed.gz.tbi",
                "reference/pcgr/20250314/data/grch38/gene/bed/gene_virtual_panel/10.bed.gz",
                "reference/pcgr/20250314/data/grch38/gene/bed/gene_virtual_panel/10.bed.gz.tbi",
                "reference/pcgr/20250314/data/grch38/gene/bed/gene_virtual_panel/11.GREEN.bed.gz",
                "reference/pcgr/20250314/data/grch38/gene/bed/gene_virtual_panel/11.GREEN.bed.gz.tbi",
                "reference/pcgr/20250314/data/grch38/gene/bed/gene_virtual_panel/11.bed.gz",
                "reference/pcgr/20250314/data/grch38/gene/bed/gene_virtual_panel/11.bed.gz.tbi",
                "reference/pcgr/20250314/data/grch38/gene/bed/gene_virtual_panel/12.GREEN.bed.gz",
                "reference/pcgr/20250314/data/grch38/gene/bed/gene_virtual_panel/12.GREEN.bed.gz.tbi",
                "reference/pcgr/20250314/data/grch38/gene/bed/gene_virtual_panel/12.bed.gz",
                "reference/pcgr/20250314/data/grch38/gene/bed/gene_virtual_panel/12.bed.gz.tbi",
                "reference/pcgr/20250314/data/grch38/gene/bed/gene_virtual_panel/13.GREEN.bed.gz",
                "reference/pcgr/20250314/data/grch38/gene/bed/gene_virtual_panel/13.GREEN.bed.gz.tbi",
                "reference/pcgr/20250314/data/grch38/gene/bed/gene_virtual_panel/13.bed.gz",
                "reference/pcgr/20250314/data/grch38/gene/bed/gene_virtual_panel/13.bed.gz.tbi",
                "reference/pcgr/20250314/data/grch38/gene/bed/gene_virtual_panel/14.GREEN.bed.gz",
                "reference/pcgr/20250314/data/grch38/gene/bed/gene_virtual_panel/14.GREEN.bed.gz.tbi",
                "reference/pcgr/20250314/data/grch38/gene/bed/gene_virtual_panel/14.bed.gz",
                "reference/pcgr/20250314/data/grch38/gene/bed/gene_virtual_panel/14.bed.gz.tbi",
                "reference/pcgr/20250314/data/grch38/gene/bed/gene_virtual_panel/15.GREEN.bed.gz",
                "reference/pcgr/20250314/data/grch38/gene/bed/gene_virtual_panel/15.GREEN.bed.gz.tbi",
                "reference/pcgr/20250314/data/grch38/gene/bed/gene_virtual_panel/15.bed.gz",
                "reference/pcgr/20250314/data/grch38/gene/bed/gene_virtual_panel/15.bed.gz.tbi",
                "reference/pcgr/20250314/data/grch38/gene/bed/gene_virtual_panel/16.GREEN.bed.gz",
                "reference/pcgr/20250314/data/grch38/gene/bed/gene_virtual_panel/16.GREEN.bed.gz.tbi",
                "reference/pcgr/20250314/data/grch38/gene/bed/gene_virtual_panel/16.bed.gz",
                "reference/pcgr/20250314/data/grch38/gene/bed/gene_virtual_panel/16.bed.gz.tbi",
                "reference/pcgr/20250314/data/grch38/gene/bed/gene_virtual_panel/17.GREEN.bed.gz",
                "reference/pcgr/20250314/data/grch38/gene/bed/gene_virtual_panel/17.GREEN.bed.gz.tbi",
                "reference/pcgr/20250314/data/grch38/gene/bed/gene_virtual_panel/17.bed.gz",
                "reference/pcgr/20250314/data/grch38/gene/bed/gene_virtual_panel/17.bed.gz.tbi",
                "reference/pcgr/20250314/data/grch38/gene/bed/gene_virtual_panel/18.GREEN.bed.gz",
                "reference/pcgr/20250314/data/grch38/gene/bed/gene_virtual_panel/18.GREEN.bed.gz.tbi",
                "reference/pcgr/20250314/data/grch38/gene/bed/gene_virtual_panel/18.bed.gz",
                "reference/pcgr/20250314/data/grch38/gene/bed/gene_virtual_panel/18.bed.gz.tbi",
                "reference/pcgr/20250314/data/grch38/gene/bed/gene_virtual_panel/19.GREEN.bed.gz",
                "reference/pcgr/20250314/data/grch38/gene/bed/gene_virtual_panel/19.GREEN.bed.gz.tbi",
                "reference/pcgr/20250314/data/grch38/gene/bed/gene_virtual_panel/19.bed.gz",
                "reference/pcgr/20250314/data/grch38/gene/bed/gene_virtual_panel/19.bed.gz.tbi",
                "reference/pcgr/20250314/data/grch38/gene/bed/gene_virtual_panel/2.GREEN.bed.gz",
                "reference/pcgr/20250314/data/grch38/gene/bed/gene_virtual_panel/2.GREEN.bed.gz.tbi",
                "reference/pcgr/20250314/data/grch38/gene/bed/gene_virtual_panel/2.bed.gz",
                "reference/pcgr/20250314/data/grch38/gene/bed/gene_virtual_panel/2.bed.gz.tbi",
                "reference/pcgr/20250314/data/grch38/gene/bed/gene_virtual_panel/20.GREEN.bed.gz",
                "reference/pcgr/20250314/data/grch38/gene/bed/gene_virtual_panel/20.GREEN.bed.gz.tbi",
                "reference/pcgr/20250314/data/grch38/gene/bed/gene_virtual_panel/20.bed.gz",
                "reference/pcgr/20250314/data/grch38/gene/bed/gene_virtual_panel/20.bed.gz.tbi",
                "reference/pcgr/20250314/data/grch38/gene/bed/gene_virtual_panel/21.GREEN.bed.gz",
                "reference/pcgr/20250314/data/grch38/gene/bed/gene_virtual_panel/21.GREEN.bed.gz.tbi",
                "reference/pcgr/20250314/data/grch38/gene/bed/gene_virtual_panel/21.bed.gz",
                "reference/pcgr/20250314/data/grch38/gene/bed/gene_virtual_panel/21.bed.gz.tbi",
                "reference/pcgr/20250314/data/grch38/gene/bed/gene_virtual_panel/22.GREEN.bed.gz",
                "reference/pcgr/20250314/data/grch38/gene/bed/gene_virtual_panel/22.GREEN.bed.gz.tbi",
                "reference/pcgr/20250314/data/grch38/gene/bed/gene_virtual_panel/22.bed.gz",
                "reference/pcgr/20250314/data/grch38/gene/bed/gene_virtual_panel/22.bed.gz.tbi",
                "reference/pcgr/20250314/data/grch38/gene/bed/gene_virtual_panel/23.GREEN.bed.gz",
                "reference/pcgr/20250314/data/grch38/gene/bed/gene_virtual_panel/23.GREEN.bed.gz.tbi",
                "reference/pcgr/20250314/data/grch38/gene/bed/gene_virtual_panel/23.bed.gz",
                "reference/pcgr/20250314/data/grch38/gene/bed/gene_virtual_panel/23.bed.gz.tbi",
                "reference/pcgr/20250314/data/grch38/gene/bed/gene_virtual_panel/24.GREEN.bed.gz",
                "reference/pcgr/20250314/data/grch38/gene/bed/gene_virtual_panel/24.GREEN.bed.gz.tbi",
                "reference/pcgr/20250314/data/grch38/gene/bed/gene_virtual_panel/24.bed.gz",
                "reference/pcgr/20250314/data/grch38/gene/bed/gene_virtual_panel/24.bed.gz.tbi",
                "reference/pcgr/20250314/data/grch38/gene/bed/gene_virtual_panel/25.GREEN.bed.gz",
                "reference/pcgr/20250314/data/grch38/gene/bed/gene_virtual_panel/25.GREEN.bed.gz.tbi",
                "reference/pcgr/20250314/data/grch38/gene/bed/gene_virtual_panel/25.bed.gz",
                "reference/pcgr/20250314/data/grch38/gene/bed/gene_virtual_panel/25.bed.gz.tbi",
                "reference/pcgr/20250314/data/grch38/gene/bed/gene_virtual_panel/26.GREEN.bed.gz",
                "reference/pcgr/20250314/data/grch38/gene/bed/gene_virtual_panel/26.GREEN.bed.gz.tbi",
                "reference/pcgr/20250314/data/grch38/gene/bed/gene_virtual_panel/26.bed.gz",
                "reference/pcgr/20250314/data/grch38/gene/bed/gene_virtual_panel/26.bed.gz.tbi",
                "reference/pcgr/20250314/data/grch38/gene/bed/gene_virtual_panel/27.GREEN.bed.gz",
                "reference/pcgr/20250314/data/grch38/gene/bed/gene_virtual_panel/27.GREEN.bed.gz.tbi",
                "reference/pcgr/20250314/data/grch38/gene/bed/gene_virtual_panel/27.bed.gz",
                "reference/pcgr/20250314/data/grch38/gene/bed/gene_virtual_panel/27.bed.gz.tbi",
                "reference/pcgr/20250314/data/grch38/gene/bed/gene_virtual_panel/28.GREEN.bed.gz",
                "reference/pcgr/20250314/data/grch38/gene/bed/gene_virtual_panel/28.GREEN.bed.gz.tbi",
                "reference/pcgr/20250314/data/grch38/gene/bed/gene_virtual_panel/28.bed.gz",
                "reference/pcgr/20250314/data/grch38/gene/bed/gene_virtual_panel/28.bed.gz.tbi",
                "reference/pcgr/20250314/data/grch38/gene/bed/gene_virtual_panel/29.GREEN.bed.gz",
                "reference/pcgr/20250314/data/grch38/gene/bed/gene_virtual_panel/29.GREEN.bed.gz.tbi",
                "reference/pcgr/20250314/data/grch38/gene/bed/gene_virtual_panel/29.bed.gz",
                "reference/pcgr/20250314/data/grch38/gene/bed/gene_virtual_panel/29.bed.gz.tbi",
                "reference/pcgr/20250314/data/grch38/gene/bed/gene_virtual_panel/3.GREEN.bed.gz",
                "reference/pcgr/20250314/data/grch38/gene/bed/gene_virtual_panel/3.GREEN.bed.gz.tbi",
                "reference/pcgr/20250314/data/grch38/gene/bed/gene_virtual_panel/3.bed.gz",
                "reference/pcgr/20250314/data/grch38/gene/bed/gene_virtual_panel/3.bed.gz.tbi",
                "reference/pcgr/20250314/data/grch38/gene/bed/gene_virtual_panel/30.GREEN.bed.gz",
                "reference/pcgr/20250314/data/grch38/gene/bed/gene_virtual_panel/30.GREEN.bed.gz.tbi",
                "reference/pcgr/20250314/data/grch38/gene/bed/gene_virtual_panel/30.bed.gz",
                "reference/pcgr/20250314/data/grch38/gene/bed/gene_virtual_panel/30.bed.gz.tbi",
                "reference/pcgr/20250314/data/grch38/gene/bed/gene_virtual_panel/31.GREEN.bed.gz",
                "reference/pcgr/20250314/data/grch38/gene/bed/gene_virtual_panel/31.GREEN.bed.gz.tbi",
                "reference/pcgr/20250314/data/grch38/gene/bed/gene_virtual_panel/31.bed.gz",
                "reference/pcgr/20250314/data/grch38/gene/bed/gene_virtual_panel/31.bed.gz.tbi",
                "reference/pcgr/20250314/data/grch38/gene/bed/gene_virtual_panel/32.GREEN.bed.gz",
                "reference/pcgr/20250314/data/grch38/gene/bed/gene_virtual_panel/32.GREEN.bed.gz.tbi",
                "reference/pcgr/20250314/data/grch38/gene/bed/gene_virtual_panel/32.bed.gz",
                "reference/pcgr/20250314/data/grch38/gene/bed/gene_virtual_panel/32.bed.gz.tbi",
                "reference/pcgr/20250314/data/grch38/gene/bed/gene_virtual_panel/33.GREEN.bed.gz",
                "reference/pcgr/20250314/data/grch38/gene/bed/gene_virtual_panel/33.GREEN.bed.gz.tbi",
                "reference/pcgr/20250314/data/grch38/gene/bed/gene_virtual_panel/33.bed.gz",
                "reference/pcgr/20250314/data/grch38/gene/bed/gene_virtual_panel/33.bed.gz.tbi",
                "reference/pcgr/20250314/data/grch38/gene/bed/gene_virtual_panel/34.GREEN.bed.gz",
                "reference/pcgr/20250314/data/grch38/gene/bed/gene_virtual_panel/34.GREEN.bed.gz.tbi",
                "reference/pcgr/20250314/data/grch38/gene/bed/gene_virtual_panel/34.bed.gz",
                "reference/pcgr/20250314/data/grch38/gene/bed/gene_virtual_panel/34.bed.gz.tbi",
                "reference/pcgr/20250314/data/grch38/gene/bed/gene_virtual_panel/35.GREEN.bed.gz",
                "reference/pcgr/20250314/data/grch38/gene/bed/gene_virtual_panel/35.GREEN.bed.gz.tbi",
                "reference/pcgr/20250314/data/grch38/gene/bed/gene_virtual_panel/35.bed.gz",
                "reference/pcgr/20250314/data/grch38/gene/bed/gene_virtual_panel/35.bed.gz.tbi",
                "reference/pcgr/20250314/data/grch38/gene/bed/gene_virtual_panel/36.GREEN.bed.gz",
                "reference/pcgr/20250314/data/grch38/gene/bed/gene_virtual_panel/36.GREEN.bed.gz.tbi",
                "reference/pcgr/20250314/data/grch38/gene/bed/gene_virtual_panel/36.bed.gz",
                "reference/pcgr/20250314/data/grch38/gene/bed/gene_virtual_panel/36.bed.gz.tbi",
                "reference/pcgr/20250314/data/grch38/gene/bed/gene_virtual_panel/37.GREEN.bed.gz",
                "reference/pcgr/20250314/data/grch38/gene/bed/gene_virtual_panel/37.GREEN.bed.gz.tbi",
                "reference/pcgr/20250314/data/grch38/gene/bed/gene_virtual_panel/37.bed.gz",
                "reference/pcgr/20250314/data/grch38/gene/bed/gene_virtual_panel/37.bed.gz.tbi",
                "reference/pcgr/20250314/data/grch38/gene/bed/gene_virtual_panel/38.GREEN.bed.gz",
                "reference/pcgr/20250314/data/grch38/gene/bed/gene_virtual_panel/38.GREEN.bed.gz.tbi",
                "reference/pcgr/20250314/data/grch38/gene/bed/gene_virtual_panel/38.bed.gz",
                "reference/pcgr/20250314/data/grch38/gene/bed/gene_virtual_panel/38.bed.gz.tbi",
                "reference/pcgr/20250314/data/grch38/gene/bed/gene_virtual_panel/39.GREEN.bed.gz",
                "reference/pcgr/20250314/data/grch38/gene/bed/gene_virtual_panel/39.GREEN.bed.gz.tbi",
                "reference/pcgr/20250314/data/grch38/gene/bed/gene_virtual_panel/39.bed.gz",
                "reference/pcgr/20250314/data/grch38/gene/bed/gene_virtual_panel/39.bed.gz.tbi",
                "reference/pcgr/20250314/data/grch38/gene/bed/gene_virtual_panel/4.GREEN.bed.gz",
                "reference/pcgr/20250314/data/grch38/gene/bed/gene_virtual_panel/4.GREEN.bed.gz.tbi",
                "reference/pcgr/20250314/data/grch38/gene/bed/gene_virtual_panel/4.bed.gz",
                "reference/pcgr/20250314/data/grch38/gene/bed/gene_virtual_panel/4.bed.gz.tbi",
                "reference/pcgr/20250314/data/grch38/gene/bed/gene_virtual_panel/40.GREEN.bed.gz",
                "reference/pcgr/20250314/data/grch38/gene/bed/gene_virtual_panel/40.GREEN.bed.gz.tbi",
                "reference/pcgr/20250314/data/grch38/gene/bed/gene_virtual_panel/40.bed.gz",
                "reference/pcgr/20250314/data/grch38/gene/bed/gene_virtual_panel/40.bed.gz.tbi",
                "reference/pcgr/20250314/data/grch38/gene/bed/gene_virtual_panel/41.GREEN.bed.gz",
                "reference/pcgr/20250314/data/grch38/gene/bed/gene_virtual_panel/41.GREEN.bed.gz.tbi",
                "reference/pcgr/20250314/data/grch38/gene/bed/gene_virtual_panel/41.bed.gz",
                "reference/pcgr/20250314/data/grch38/gene/bed/gene_virtual_panel/41.bed.gz.tbi",
                "reference/pcgr/20250314/data/grch38/gene/bed/gene_virtual_panel/42.GREEN.bed.gz",
                "reference/pcgr/20250314/data/grch38/gene/bed/gene_virtual_panel/42.GREEN.bed.gz.tbi",
                "reference/pcgr/20250314/data/grch38/gene/bed/gene_virtual_panel/42.bed.gz",
                "reference/pcgr/20250314/data/grch38/gene/bed/gene_virtual_panel/42.bed.gz.tbi",
                "reference/pcgr/20250314/data/grch38/gene/bed/gene_virtual_panel/43.GREEN.bed.gz",
                "reference/pcgr/20250314/data/grch38/gene/bed/gene_virtual_panel/43.GREEN.bed.gz.tbi",
                "reference/pcgr/20250314/data/grch38/gene/bed/gene_virtual_panel/43.bed.gz",
                "reference/pcgr/20250314/data/grch38/gene/bed/gene_virtual_panel/43.bed.gz.tbi",
                "reference/pcgr/20250314/data/grch38/gene/bed/gene_virtual_panel/44.GREEN.bed.gz",
                "reference/pcgr/20250314/data/grch38/gene/bed/gene_virtual_panel/44.GREEN.bed.gz.tbi",
                "reference/pcgr/20250314/data/grch38/gene/bed/gene_virtual_panel/44.bed.gz",
                "reference/pcgr/20250314/data/grch38/gene/bed/gene_virtual_panel/44.bed.gz.tbi",
                "reference/pcgr/20250314/data/grch38/gene/bed/gene_virtual_panel/5.GREEN.bed.gz",
                "reference/pcgr/20250314/data/grch38/gene/bed/gene_virtual_panel/5.GREEN.bed.gz.tbi",
                "reference/pcgr/20250314/data/grch38/gene/bed/gene_virtual_panel/5.bed.gz",
                "reference/pcgr/20250314/data/grch38/gene/bed/gene_virtual_panel/5.bed.gz.tbi",
                "reference/pcgr/20250314/data/grch38/gene/bed/gene_virtual_panel/6.GREEN.bed.gz",
                "reference/pcgr/20250314/data/grch38/gene/bed/gene_virtual_panel/6.GREEN.bed.gz.tbi",
                "reference/pcgr/20250314/data/grch38/gene/bed/gene_virtual_panel/6.bed.gz",
                "reference/pcgr/20250314/data/grch38/gene/bed/gene_virtual_panel/6.bed.gz.tbi",
                "reference/pcgr/20250314/data/grch38/gene/bed/gene_virtual_panel/7.GREEN.bed.gz",
                "reference/pcgr/20250314/data/grch38/gene/bed/gene_virtual_panel/7.GREEN.bed.gz.tbi",
                "reference/pcgr/20250314/data/grch38/gene/bed/gene_virtual_panel/7.bed.gz",
                "reference/pcgr/20250314/data/grch38/gene/bed/gene_virtual_panel/7.bed.gz.tbi",
                "reference/pcgr/20250314/data/grch38/gene/bed/gene_virtual_panel/8.GREEN.bed.gz",
                "reference/pcgr/20250314/data/grch38/gene/bed/gene_virtual_panel/8.GREEN.bed.gz.tbi",
                "reference/pcgr/20250314/data/grch38/gene/bed/gene_virtual_panel/8.bed.gz",
                "reference/pcgr/20250314/data/grch38/gene/bed/gene_virtual_panel/8.bed.gz.tbi",
                "reference/pcgr/20250314/data/grch38/gene/bed/gene_virtual_panel/9.GREEN.bed.gz",
                "reference/pcgr/20250314/data/grch38/gene/bed/gene_virtual_panel/9.GREEN.bed.gz.tbi",
                "reference/pcgr/20250314/data/grch38/gene/bed/gene_virtual_panel/9.bed.gz",
                "reference/pcgr/20250314/data/grch38/gene/bed/gene_virtual_panel/9.bed.gz.tbi",
                "reference/pcgr/20250314/data/grch38/gene/bed/gene_virtual_panel/cancer_target.bed.gz",
                "reference/pcgr/20250314/data/grch38/gene/bed/gene_virtual_panel/cancer_target.bed.gz.tbi",
                "reference/pcgr/20250314/data/grch38/gene/tsv/gene_cpg/gene_cpg.tsv.gz",
                "reference/pcgr/20250314/data/grch38/gene/tsv/gene_transcript_xref/gene_index.tsv.gz",
                "reference/pcgr/20250314/data/grch38/gene/tsv/gene_transcript_xref/gene_transcript_xref.tsv.gz",
                "reference/pcgr/20250314/data/grch38/gene/tsv/gene_transcript_xref/gene_transcript_xref_bedmap.tsv.gz",
                "reference/pcgr/20250314/data/grch38/gene/tsv/gene_transcript_xref/otp_rank.tsv.gz",
                "reference/pcgr/20250314/data/grch38/gene/tsv/gene_virtual_panel/gene_virtual_panel.tsv.gz",
                "reference/pcgr/20250314/data/grch38/misc/bed/cytoband/cytoband.bed.gz",
                "reference/pcgr/20250314/data/grch38/misc/bed/cytoband/cytoband.bed.gz.tbi",
                "reference/pcgr/20250314/data/grch38/misc/bed/gerp/gerp.bed.gz",
                "reference/pcgr/20250314/data/grch38/misc/bed/gerp/gerp.bed.gz.tbi",
                "reference/pcgr/20250314/data/grch38/misc/bed/gerp/gerp.vcfanno.vcf_info_tags.txt",
                "reference/pcgr/20250314/data/grch38/misc/bed/rmsk/rmsk.bed.gz",
                "reference/pcgr/20250314/data/grch38/misc/bed/rmsk/rmsk.bed.gz.tbi",
                "reference/pcgr/20250314/data/grch38/misc/bed/rmsk/rmsk.vcfanno.vcf_info_tags.txt",
                "reference/pcgr/20250314/data/grch38/misc/bed/simplerepeat/simplerepeat.bed.gz",
                "reference/pcgr/20250314/data/grch38/misc/bed/simplerepeat/simplerepeat.bed.gz.tbi",
                "reference/pcgr/20250314/data/grch38/misc/bed/simplerepeat/simplerepeat.vcfanno.vcf_info_tags.txt",
                "reference/pcgr/20250314/data/grch38/misc/bed/winmsk/winmsk.bed.gz",
                "reference/pcgr/20250314/data/grch38/misc/bed/winmsk/winmsk.bed.gz.tbi",
                "reference/pcgr/20250314/data/grch38/misc/bed/winmsk/winmsk.vcfanno.vcf_info_tags.txt",
                "reference/pcgr/20250314/data/grch38/misc/fasta/assembly/Homo_sapiens.GRCh38.dna.primary_assembly.fa.gz",
                "reference/pcgr/20250314/data/grch38/misc/fasta/assembly/Homo_sapiens.GRCh38.dna.primary_assembly.fa.gz.fai",
                "reference/pcgr/20250314/data/grch38/misc/fasta/assembly/Homo_sapiens.GRCh38.dna.primary_assembly.fa.gz.gzi",
                "reference/pcgr/20250314/data/grch38/misc/other/msi_classification/tcga_msi_classifier.html",
                "reference/pcgr/20250314/data/grch38/misc/other/msi_classification/tcga_msi_classifier.rds",
                "reference/pcgr/20250314/data/grch38/misc/tsv/cytoband/cytoband.tsv.gz",
                "reference/pcgr/20250314/data/grch38/misc/tsv/grantham/grantham.tsv",
                "reference/pcgr/20250314/data/grch38/misc/tsv/hotspot/hotspot.tsv.gz",
                "reference/pcgr/20250314/data/grch38/misc/tsv/hotspot/hotspot_long.tsv.gz",
                "reference/pcgr/20250314/data/grch38/misc/tsv/mutational_signature/mutational_signature.tsv.gz",
                "reference/pcgr/20250314/data/grch38/misc/tsv/mutsplicedb/mutsplicedb.tsv",
                "reference/pcgr/20250314/data/grch38/misc/tsv/oncogenicity/oncogenicity.tsv",
                "reference/pcgr/20250314/data/grch38/misc/tsv/pathway/pathway.tsv.gz",
                "reference/pcgr/20250314/data/grch38/misc/tsv/protein_domain/protein_domain.tsv.gz",
                "reference/pcgr/20250314/data/grch38/misc/tsv/tmb/tmb.tsv.gz",
                "reference/pcgr/20250314/data/grch38/phenotype/tsv/phenotype_onco.tsv.gz",
                "reference/pcgr/20250314/data/grch38/phenotype/tsv/phenotype_umls.tsv.gz",
                "reference/pcgr/20250314/data/grch38/variant/.DS_Store",
                "reference/pcgr/20250314/data/grch38/variant/tsv/clinvar/clinvar.tsv.gz",
                "reference/pcgr/20250314/data/grch38/variant/tsv/clinvar/clinvar_gene_varstats.tsv.gz",
                "reference/pcgr/20250314/data/grch38/variant/tsv/clinvar/clinvar_oncogenic.tsv.gz",
                "reference/pcgr/20250314/data/grch38/variant/tsv/clinvar/clinvar_sites.tsv.gz",
                "reference/pcgr/20250314/data/grch38/variant/tsv/gwas/gwas.tsv.gz",
                "reference/pcgr/20250314/data/grch38/variant/vcf/.DS_Store",
                "reference/pcgr/20250314/data/grch38/variant/vcf/clinvar/clinvar.vcf.gz",
                "reference/pcgr/20250314/data/grch38/variant/vcf/clinvar/clinvar.vcf.gz.tbi",
                "reference/pcgr/20250314/data/grch38/variant/vcf/clinvar/clinvar.vcf_varstats.tsv",
                "reference/pcgr/20250314/data/grch38/variant/vcf/clinvar/clinvar.vcfanno.vcf_info_tags.txt",
                "reference/pcgr/20250314/data/grch38/variant/vcf/dbmts/dbmts.vcf.gz",
                "reference/pcgr/20250314/data/grch38/variant/vcf/dbmts/dbmts.vcf.gz.tbi",
                "reference/pcgr/20250314/data/grch38/variant/vcf/dbmts/dbmts.vcf_varstats.tsv",
                "reference/pcgr/20250314/data/grch38/variant/vcf/dbmts/dbmts.vcfanno.vcf_info_tags.txt",
                "reference/pcgr/20250314/data/grch38/variant/vcf/dbnsfp/dbnsfp.vcf.gz",
                "reference/pcgr/20250314/data/grch38/variant/vcf/dbnsfp/dbnsfp.vcf.gz.tbi",
                "reference/pcgr/20250314/data/grch38/variant/vcf/dbnsfp/dbnsfp.vcf_varstats.tsv",
                "reference/pcgr/20250314/data/grch38/variant/vcf/dbnsfp/dbnsfp.vcfanno.vcf_info_tags.txt",
                "reference/pcgr/20250314/data/grch38/variant/vcf/gnomad_non_cancer/gnomad_non_cancer.vcf.gz",
                "reference/pcgr/20250314/data/grch38/variant/vcf/gnomad_non_cancer/gnomad_non_cancer.vcf.gz.tbi",
                "reference/pcgr/20250314/data/grch38/variant/vcf/gnomad_non_cancer/gnomad_non_cancer.vcf_varstats.tsv",
                "reference/pcgr/20250314/data/grch38/variant/vcf/gnomad_non_cancer/gnomad_non_cancer.vcfanno.vcf_info_tags.txt",
                "reference/pcgr/20250314/data/grch38/variant/vcf/gwas/gwas.vcf.gz",
                "reference/pcgr/20250314/data/grch38/variant/vcf/gwas/gwas.vcf.gz.tbi",
                "reference/pcgr/20250314/data/grch38/variant/vcf/gwas/gwas.vcf_varstats.tsv",
                "reference/pcgr/20250314/data/grch38/variant/vcf/gwas/gwas.vcfanno.vcf_info_tags.txt",
                "reference/pcgr/20250314/data/grch38/variant/vcf/panel_of_normals/panel_of_normals.vcfanno.vcf_info_tags.txt",
                "reference/pcgr/20250314/data/grch38/variant/vcf/tcga/tcga.vcf.gz",
                "reference/pcgr/20250314/data/grch38/variant/vcf/tcga/tcga.vcf.gz.tbi",
                "reference/pcgr/20250314/data/grch38/variant/vcf/tcga/tcga.vcf_varstats.tsv",
                "reference/pcgr/20250314/data/grch38/variant/vcf/tcga/tcga.vcfanno.vcf_info_tags.txt",
                "reference/pcgr/20250314/data/grch38/vcf_infotags_other.tsv",
                "reference/pcgr/20250314/data/grch38/vcf_infotags_vep.tsv",
                "reference/vep_cache/homo_sapiens/113_GRCh38/22/1-1000000.gz",
                "reference/vep_cache/homo_sapiens/113_GRCh38/22/1-1000000_reg.gz",
                "reference/vep_cache/homo_sapiens/113_GRCh38/22/10000001-11000000.gz",
                "reference/vep_cache/homo_sapiens/113_GRCh38/22/10000001-11000000_reg.gz",
                "reference/vep_cache/homo_sapiens/113_GRCh38/22/1000001-2000000.gz",
                "reference/vep_cache/homo_sapiens/113_GRCh38/22/1000001-2000000_reg.gz",
                "reference/vep_cache/homo_sapiens/113_GRCh38/22/11000001-12000000.gz",
                "reference/vep_cache/homo_sapiens/113_GRCh38/22/11000001-12000000_reg.gz",
                "reference/vep_cache/homo_sapiens/113_GRCh38/22/12000001-13000000.gz",
                "reference/vep_cache/homo_sapiens/113_GRCh38/22/12000001-13000000_reg.gz",
                "reference/vep_cache/homo_sapiens/113_GRCh38/22/13000001-14000000.gz",
                "reference/vep_cache/homo_sapiens/113_GRCh38/22/13000001-14000000_reg.gz",
                "reference/vep_cache/homo_sapiens/113_GRCh38/22/14000001-15000000.gz",
                "reference/vep_cache/homo_sapiens/113_GRCh38/22/14000001-15000000_reg.gz",
                "reference/vep_cache/homo_sapiens/113_GRCh38/22/15000001-16000000.gz",
                "reference/vep_cache/homo_sapiens/113_GRCh38/22/15000001-16000000_reg.gz",
                "reference/vep_cache/homo_sapiens/113_GRCh38/22/16000001-17000000.gz",
                "reference/vep_cache/homo_sapiens/113_GRCh38/22/16000001-17000000_reg.gz",
                "reference/vep_cache/homo_sapiens/113_GRCh38/22/17000001-18000000.gz",
                "reference/vep_cache/homo_sapiens/113_GRCh38/22/17000001-18000000_reg.gz",
                "reference/vep_cache/homo_sapiens/113_GRCh38/22/18000001-19000000.gz",
                "reference/vep_cache/homo_sapiens/113_GRCh38/22/18000001-19000000_reg.gz",
                "reference/vep_cache/homo_sapiens/113_GRCh38/22/19000001-20000000.gz",
                "reference/vep_cache/homo_sapiens/113_GRCh38/22/19000001-20000000_reg.gz",
                "reference/vep_cache/homo_sapiens/113_GRCh38/22/20000001-21000000.gz",
                "reference/vep_cache/homo_sapiens/113_GRCh38/22/20000001-21000000_reg.gz",
                "reference/vep_cache/homo_sapiens/113_GRCh38/22/2000001-3000000.gz",
                "reference/vep_cache/homo_sapiens/113_GRCh38/22/2000001-3000000_reg.gz",
                "reference/vep_cache/homo_sapiens/113_GRCh38/22/21000001-22000000.gz",
                "reference/vep_cache/homo_sapiens/113_GRCh38/22/21000001-22000000_reg.gz",
                "reference/vep_cache/homo_sapiens/113_GRCh38/22/22000001-23000000.gz",
                "reference/vep_cache/homo_sapiens/113_GRCh38/22/22000001-23000000_reg.gz",
                "reference/vep_cache/homo_sapiens/113_GRCh38/22/23000001-24000000.gz",
                "reference/vep_cache/homo_sapiens/113_GRCh38/22/23000001-24000000_reg.gz",
                "reference/vep_cache/homo_sapiens/113_GRCh38/22/24000001-25000000.gz",
                "reference/vep_cache/homo_sapiens/113_GRCh38/22/24000001-25000000_reg.gz",
                "reference/vep_cache/homo_sapiens/113_GRCh38/22/25000001-26000000.gz",
                "reference/vep_cache/homo_sapiens/113_GRCh38/22/25000001-26000000_reg.gz",
                "reference/vep_cache/homo_sapiens/113_GRCh38/22/26000001-27000000.gz",
                "reference/vep_cache/homo_sapiens/113_GRCh38/22/26000001-27000000_reg.gz",
                "reference/vep_cache/homo_sapiens/113_GRCh38/22/27000001-28000000.gz",
                "reference/vep_cache/homo_sapiens/113_GRCh38/22/27000001-28000000_reg.gz",
                "reference/vep_cache/homo_sapiens/113_GRCh38/22/28000001-29000000.gz",
                "reference/vep_cache/homo_sapiens/113_GRCh38/22/28000001-29000000_reg.gz",
                "reference/vep_cache/homo_sapiens/113_GRCh38/22/29000001-30000000.gz",
                "reference/vep_cache/homo_sapiens/113_GRCh38/22/29000001-30000000_reg.gz",
                "reference/vep_cache/homo_sapiens/113_GRCh38/22/30000001-31000000.gz",
                "reference/vep_cache/homo_sapiens/113_GRCh38/22/30000001-31000000_reg.gz",
                "reference/vep_cache/homo_sapiens/113_GRCh38/22/3000001-4000000.gz",
                "reference/vep_cache/homo_sapiens/113_GRCh38/22/3000001-4000000_reg.gz",
                "reference/vep_cache/homo_sapiens/113_GRCh38/22/31000001-32000000.gz",
                "reference/vep_cache/homo_sapiens/113_GRCh38/22/31000001-32000000_reg.gz",
                "reference/vep_cache/homo_sapiens/113_GRCh38/22/32000001-33000000.gz",
                "reference/vep_cache/homo_sapiens/113_GRCh38/22/32000001-33000000_reg.gz",
                "reference/vep_cache/homo_sapiens/113_GRCh38/22/33000001-34000000.gz",
                "reference/vep_cache/homo_sapiens/113_GRCh38/22/33000001-34000000_reg.gz",
                "reference/vep_cache/homo_sapiens/113_GRCh38/22/34000001-35000000.gz",
                "reference/vep_cache/homo_sapiens/113_GRCh38/22/34000001-35000000_reg.gz",
                "reference/vep_cache/homo_sapiens/113_GRCh38/22/35000001-36000000.gz",
                "reference/vep_cache/homo_sapiens/113_GRCh38/22/35000001-36000000_reg.gz",
                "reference/vep_cache/homo_sapiens/113_GRCh38/22/36000001-37000000.gz",
                "reference/vep_cache/homo_sapiens/113_GRCh38/22/36000001-37000000_reg.gz",
                "reference/vep_cache/homo_sapiens/113_GRCh38/22/37000001-38000000.gz",
                "reference/vep_cache/homo_sapiens/113_GRCh38/22/37000001-38000000_reg.gz",
                "reference/vep_cache/homo_sapiens/113_GRCh38/22/38000001-39000000.gz",
                "reference/vep_cache/homo_sapiens/113_GRCh38/22/38000001-39000000_reg.gz",
                "reference/vep_cache/homo_sapiens/113_GRCh38/22/39000001-40000000.gz",
                "reference/vep_cache/homo_sapiens/113_GRCh38/22/39000001-40000000_reg.gz",
                "reference/vep_cache/homo_sapiens/113_GRCh38/22/40000001-41000000.gz",
                "reference/vep_cache/homo_sapiens/113_GRCh38/22/40000001-41000000_reg.gz",
                "reference/vep_cache/homo_sapiens/113_GRCh38/22/4000001-5000000.gz",
                "reference/vep_cache/homo_sapiens/113_GRCh38/22/4000001-5000000_reg.gz",
                "reference/vep_cache/homo_sapiens/113_GRCh38/22/41000001-42000000.gz",
                "reference/vep_cache/homo_sapiens/113_GRCh38/22/41000001-42000000_reg.gz",
                "reference/vep_cache/homo_sapiens/113_GRCh38/22/42000001-43000000.gz",
                "reference/vep_cache/homo_sapiens/113_GRCh38/22/42000001-43000000_reg.gz",
                "reference/vep_cache/homo_sapiens/113_GRCh38/22/43000001-44000000.gz",
                "reference/vep_cache/homo_sapiens/113_GRCh38/22/43000001-44000000_reg.gz",
                "reference/vep_cache/homo_sapiens/113_GRCh38/22/44000001-45000000.gz",
                "reference/vep_cache/homo_sapiens/113_GRCh38/22/44000001-45000000_reg.gz",
                "reference/vep_cache/homo_sapiens/113_GRCh38/22/45000001-46000000.gz",
                "reference/vep_cache/homo_sapiens/113_GRCh38/22/45000001-46000000_reg.gz",
                "reference/vep_cache/homo_sapiens/113_GRCh38/22/46000001-47000000.gz",
                "reference/vep_cache/homo_sapiens/113_GRCh38/22/46000001-47000000_reg.gz",
                "reference/vep_cache/homo_sapiens/113_GRCh38/22/47000001-48000000.gz",
                "reference/vep_cache/homo_sapiens/113_GRCh38/22/47000001-48000000_reg.gz",
                "reference/vep_cache/homo_sapiens/113_GRCh38/22/48000001-49000000.gz",
                "reference/vep_cache/homo_sapiens/113_GRCh38/22/48000001-49000000_reg.gz",
                "reference/vep_cache/homo_sapiens/113_GRCh38/22/49000001-50000000.gz",
                "reference/vep_cache/homo_sapiens/113_GRCh38/22/49000001-50000000_reg.gz",
                "reference/vep_cache/homo_sapiens/113_GRCh38/22/50000001-51000000.gz",
                "reference/vep_cache/homo_sapiens/113_GRCh38/22/50000001-51000000_reg.gz",
                "reference/vep_cache/homo_sapiens/113_GRCh38/22/5000001-6000000.gz",
                "reference/vep_cache/homo_sapiens/113_GRCh38/22/5000001-6000000_reg.gz",
                "reference/vep_cache/homo_sapiens/113_GRCh38/22/6000001-7000000.gz",
                "reference/vep_cache/homo_sapiens/113_GRCh38/22/6000001-7000000_reg.gz",
                "reference/vep_cache/homo_sapiens/113_GRCh38/22/7000001-8000000.gz",
                "reference/vep_cache/homo_sapiens/113_GRCh38/22/7000001-8000000_reg.gz",
                "reference/vep_cache/homo_sapiens/113_GRCh38/22/8000001-9000000.gz",
                "reference/vep_cache/homo_sapiens/113_GRCh38/22/8000001-9000000_reg.gz",
                "reference/vep_cache/homo_sapiens/113_GRCh38/22/9000001-10000000.gz",
                "reference/vep_cache/homo_sapiens/113_GRCh38/22/9000001-10000000_reg.gz",
                "reference/vep_cache/homo_sapiens/113_GRCh38/22/all_vars.gz",
                "reference/vep_cache/homo_sapiens/113_GRCh38/22/all_vars.gz.csi",
                "reference/vep_cache/homo_sapiens/113_GRCh38/MT/1-1000000.gz",
                "reference/vep_cache/homo_sapiens/113_GRCh38/MT/1-1000000_reg.gz",
                "reference/vep_cache/homo_sapiens/113_GRCh38/MT/all_vars.gz",
                "reference/vep_cache/homo_sapiens/113_GRCh38/MT/all_vars.gz.csi",
                "reference/vep_cache/homo_sapiens/113_GRCh38/chr_synonyms.txt",
                "reference/vep_cache/homo_sapiens/113_GRCh38/info.txt",
                "tabix/HCC1395T_vs_HCC1395N.mutect2.filtered_chr22.vcf.gz.tbi",
                "tabix/HCC1395T_vs_HCC1395N.strelka.somatic_indels_chr22.vcf.gz.tbi",
                "tabix/HCC1395T_vs_HCC1395N.strelka.somatic_snvs_chr22.vcf.gz.tbi"
            ],
            [
                "HCC1395.HCC1395T.mutect2.norm.vcf.gz:md5,f1b041fd416dcd4170a176796fa88ff5",
                "HCC1395.HCC1395T.strelka.somatic_indels_chr22.norm.vcf.gz:md5,4fa916739d6f85591eeaee0f59552f28",
                "HCC1395.HCC1395T.strelka.somatic_snvs_chr22.norm.vcf.gz:md5,e2656291bca2409d8d7292292f65e3ac",
                "HCC1395T.reformatted.allelic_cna.tsv:md5,17d7fc79d8e60ac5f9b3dc007c33b97d",
                "multiqc_citations.txt:md5,4c806e63a283ec1b7e78cdae3a923d4f",
                "HCC1395T_vs_HCC1395N.mutect2.filtered_chr22.vcf.gz.tbi:md5,7b83c4cdb8267a2e81f68037f69dcf44",
                "HCC1395T_vs_HCC1395N.strelka.somatic_indels_chr22.vcf.gz.tbi:md5,3f717bf6e790669427699ccf4688fe2f",
                "HCC1395T_vs_HCC1395N.strelka.somatic_snvs_chr22.vcf.gz.tbi:md5,769a0b073822077583f37a5336a0f6fd"
            ]
        ],
        "meta": {
            "nf-test": "0.9.2",
            "nextflow": "25.04.6"
        },
        "timestamp": "2025-12-03T16:15:09.246257094"
    }
}