{
    "-profile test": {
        "content": [
            null,
            [
                
            ],
            [
                
            ]
        ],
        "meta": {
            "nf-test": "0.9.3",
            "nextflow": "25.04.8"
        },
        "timestamp": "2025-10-28T14:27:01.529355"
    }
}